Archive member included to satisfy reference by file (symbol)

/home/agur/project/audio7/audio7/Core/lib/lib_mp3decoder_cortex_m4_v2.2.0.a(mp3d_htab_armv4.o)
                              Core/Src/main.o (SpiritMP3DecoderInit)
/home/agur/project/audio7/audio7/Core/lib/lib_mp3decoder_cortex_m4_v2.2.0.a(mp3d_bitio_armv4.o)
                              /home/agur/project/audio7/audio7/Core/lib/lib_mp3decoder_cortex_m4_v2.2.0.a(mp3d_htab_armv4.o) (MP3D_SPCORP_Symbol_006)
/home/agur/project/audio7/audio7/Core/lib/lib_mp3decoder_cortex_m4_v2.2.0.a(mp3d_copypcmsamples_armv4.o)
                              /home/agur/project/audio7/audio7/Core/lib/lib_mp3decoder_cortex_m4_v2.2.0.a(mp3d_htab_armv4.o) (MP3D_SPCORP_Symbol_013)
/home/agur/project/audio7/audio7/Core/lib/lib_mp3decoder_cortex_m4_v2.2.0.a(mp3d_dealias_armv5e.o)
                              /home/agur/project/audio7/audio7/Core/lib/lib_mp3decoder_cortex_m4_v2.2.0.a(mp3d_htab_armv4.o) (MP3D_SPCORP_Symbol_001)
/home/agur/project/audio7/audio7/Core/lib/lib_mp3decoder_cortex_m4_v2.2.0.a(mp3d_huffdec_armv7e-m.o)
                              /home/agur/project/audio7/audio7/Core/lib/lib_mp3decoder_cortex_m4_v2.2.0.a(mp3d_htab_armv4.o) (MP3D_SPCORP_Symbol_027)
/home/agur/project/audio7/audio7/Core/lib/lib_mp3decoder_cortex_m4_v2.2.0.a(mp3d_imdct3612_armv5e.o)
                              /home/agur/project/audio7/audio7/Core/lib/lib_mp3decoder_cortex_m4_v2.2.0.a(mp3d_htab_armv4.o) (MP3D_SPCORP_Symbol_028)
/home/agur/project/audio7/audio7/Core/lib/lib_mp3decoder_cortex_m4_v2.2.0.a(mp3d_reorder_armv4.o)
                              /home/agur/project/audio7/audio7/Core/lib/lib_mp3decoder_cortex_m4_v2.2.0.a(mp3d_htab_armv4.o) (MP3D_SPCORP_Symbol_032)
/home/agur/project/audio7/audio7/Core/lib/lib_mp3decoder_cortex_m4_v2.2.0.a(mp3d_stereo_armv4.o)
                              /home/agur/project/audio7/audio7/Core/lib/lib_mp3decoder_cortex_m4_v2.2.0.a(mp3d_htab_armv4.o) (MP3D_SPCORP_Symbol_031)
/home/agur/project/audio7/audio7/Core/lib/lib_mp3decoder_cortex_m4_v2.2.0.a(mp3d_synfilt_armv7e-m.o)
                              /home/agur/project/audio7/audio7/Core/lib/lib_mp3decoder_cortex_m4_v2.2.0.a(mp3d_htab_armv4.o) (MP3D_SPCORP_Symbol_033)
/home/agur/st/stm32cubeide_1.6.1_2/plugins/com.st.stm32cube.ide.mcu.externaltools.gnu-tools-for-stm32.9-2020-q2-update.linux64_1.5.0.202011040924/tools/bin/../lib/gcc/arm-none-eabi/9.3.1/../../../../arm-none-eabi/lib/thumb/v7e-m/nofp/libc_nano.a(lib_a-errno.o)
                              Core/Src/syscalls.o (__errno)
/home/agur/st/stm32cubeide_1.6.1_2/plugins/com.st.stm32cube.ide.mcu.externaltools.gnu-tools-for-stm32.9-2020-q2-update.linux64_1.5.0.202011040924/tools/bin/../lib/gcc/arm-none-eabi/9.3.1/../../../../arm-none-eabi/lib/thumb/v7e-m/nofp/libc_nano.a(lib_a-exit.o)
                              /home/agur/st/stm32cubeide_1.6.1_2/plugins/com.st.stm32cube.ide.mcu.externaltools.gnu-tools-for-stm32.9-2020-q2-update.linux64_1.5.0.202011040924/tools/bin/../lib/gcc/arm-none-eabi/9.3.1/../../../../arm-none-eabi/lib/thumb/v7e-m/nofp/crt0.o (exit)
/home/agur/st/stm32cubeide_1.6.1_2/plugins/com.st.stm32cube.ide.mcu.externaltools.gnu-tools-for-stm32.9-2020-q2-update.linux64_1.5.0.202011040924/tools/bin/../lib/gcc/arm-none-eabi/9.3.1/../../../../arm-none-eabi/lib/thumb/v7e-m/nofp/libc_nano.a(lib_a-impure.o)
                              /home/agur/st/stm32cubeide_1.6.1_2/plugins/com.st.stm32cube.ide.mcu.externaltools.gnu-tools-for-stm32.9-2020-q2-update.linux64_1.5.0.202011040924/tools/bin/../lib/gcc/arm-none-eabi/9.3.1/../../../../arm-none-eabi/lib/thumb/v7e-m/nofp/libc_nano.a(lib_a-exit.o) (_global_impure_ptr)
/home/agur/st/stm32cubeide_1.6.1_2/plugins/com.st.stm32cube.ide.mcu.externaltools.gnu-tools-for-stm32.9-2020-q2-update.linux64_1.5.0.202011040924/tools/bin/../lib/gcc/arm-none-eabi/9.3.1/../../../../arm-none-eabi/lib/thumb/v7e-m/nofp/libc_nano.a(lib_a-init.o)
                              /home/agur/st/stm32cubeide_1.6.1_2/plugins/com.st.stm32cube.ide.mcu.externaltools.gnu-tools-for-stm32.9-2020-q2-update.linux64_1.5.0.202011040924/tools/bin/../lib/gcc/arm-none-eabi/9.3.1/../../../../arm-none-eabi/lib/thumb/v7e-m/nofp/crt0.o (__libc_init_array)
/home/agur/st/stm32cubeide_1.6.1_2/plugins/com.st.stm32cube.ide.mcu.externaltools.gnu-tools-for-stm32.9-2020-q2-update.linux64_1.5.0.202011040924/tools/bin/../lib/gcc/arm-none-eabi/9.3.1/../../../../arm-none-eabi/lib/thumb/v7e-m/nofp/libc_nano.a(lib_a-malloc.o)
                              Middlewares/ST/STM32_USB_Host_Library/Class/MSC/Src/usbh_msc.o (malloc)
/home/agur/st/stm32cubeide_1.6.1_2/plugins/com.st.stm32cube.ide.mcu.externaltools.gnu-tools-for-stm32.9-2020-q2-update.linux64_1.5.0.202011040924/tools/bin/../lib/gcc/arm-none-eabi/9.3.1/../../../../arm-none-eabi/lib/thumb/v7e-m/nofp/libc_nano.a(lib_a-memcpy-stub.o)
                              Core/Src/audio.o (memcpy)
[...]
Memory Configuration

Name             Origin             Length             Attributes
CCMRAM           0x0000000010000000 0x0000000000010000 xrw
RAM              0x0000000020000000 0x0000000000020000 xrw
FLASH            0x0000000008000000 0x0000000000100000 xr
*default*        0x0000000000000000 0xffffffffffffffff

Linker script and memory map

LOAD /home/agur/st/stm32cubeide_1.6.1_2/plugins/com.st.stm32cube.ide.mcu.externaltools.gnu-tools-for-stm32.9-2020-q2-update.linux64_1.5.0.202011040924/tools/bin/../lib/gcc/arm-none-eabi/9.3.1/thumb/v7e-m/nofp/crti.o
LOAD /home/agur/st/stm32cubeide_1.6.1_2/plugins/com.st.stm32cube.ide.mcu.externaltools.gnu-tools-for-stm32.9-2020-q2-update.linux64_1.5.0.202011040924/tools/bin/../lib/gcc/arm-none-eabi/9.3.1/thumb/v7e-m/nofp/crtbegin.o
LOAD /home/agur/st/stm32cubeide_1.6.1_2/plugins/com.st.stm32cube.ide.mcu.externaltools.gnu-tools-for-stm32.9-2020-q2-update.linux64_1.5.0.202011040924/tools/bin/../lib/gcc/arm-none-eabi/9.3.1/../../../../arm-none-eabi/lib/thumb/v7e-m/nofp/crt0.o
LOAD Core/Src/audio.o
LOAD Core/Src/main.o
LOAD Core/Src/stm32f4xx_hal_msp.o
LOAD Core/Src/stm32f4xx_it.o
LOAD Core/Src/syscalls.o
LOAD Core/Src/sysmem.o
LOAD Core/Src/system_stm32f4xx.o
LOAD Core/Startup/startup_stm32f407vgtx.o
LOAD Drivers/STM32F4xx_HAL_Driver/Src/stm32f4xx_hal.o
LOAD Drivers/STM32F4xx_HAL_Driver/Src/stm32f4xx_hal_cortex.o
LOAD Drivers/STM32F4xx_HAL_Driver/Src/stm32f4xx_hal_crc.o
LOAD Drivers/STM32F4xx_HAL_Driver/Src/stm32f4xx_hal_dma.o
LOAD Drivers/STM32F4xx_HAL_Driver/Src/stm32f4xx_hal_dma_ex.o
LOAD Drivers/STM32F4xx_HAL_Driver/Src/stm32f4xx_hal_exti.o
LOAD Drivers/STM32F4xx_HAL_Driver/Src/stm32f4xx_hal_flash.o
LOAD Drivers/STM32F4xx_HAL_Driver/Src/stm32f4xx_hal_flash_ex.o
LOAD Drivers/STM32F4xx_HAL_Driver/Src/stm32f4xx_hal_flash_ramfunc.o
LOAD Drivers/STM32F4xx_HAL_Driver/Src/stm32f4xx_hal_gpio.o
LOAD Drivers/STM32F4xx_HAL_Driver/Src/stm32f4xx_hal_hcd.o
LOAD Drivers/STM32F4xx_HAL_Driver/Src/stm32f4xx_hal_i2c.o
LOAD Drivers/STM32F4xx_HAL_Driver/Src/stm32f4xx_hal_i2c_ex.o
LOAD Drivers/STM32F4xx_HAL_Driver/Src/stm32f4xx_hal_i2s.o
LOAD Drivers/STM32F4xx_HAL_Driver/Src/stm32f4xx_hal_i2s_ex.o
LOAD Drivers/STM32F4xx_HAL_Driver/Src/stm32f4xx_hal_pwr.o
LOAD Drivers/STM32F4xx_HAL_Driver/Src/stm32f4xx_hal_pwr_ex.o
LOAD Drivers/STM32F4xx_HAL_Driver/Src/stm32f4xx_hal_rcc.o
LOAD Drivers/STM32F4xx_HAL_Driver/Src/stm32f4xx_hal_rcc_ex.o
LOAD Drivers/STM32F4xx_HAL_Driver/Src/stm32f4xx_hal_tim.o
LOAD Drivers/STM32F4xx_HAL_Driver/Src/stm32f4xx_hal_tim_ex.o
LOAD Drivers/STM32F4xx_HAL_Driver/Src/stm32f4xx_ll_usb.o
LOAD FATFS/App/fatfs.o
LOAD FATFS/Target/usbh_diskio.o
LOAD Middlewares/ST/STM32_USB_Host_Library/Class/MSC/Src/usbh_msc.o
LOAD Middlewares/ST/STM32_USB_Host_Library/Class/MSC/Src/usbh_msc_bot.o
LOAD Middlewares/ST/STM32_USB_Host_Library/Class/MSC/Src/usbh_msc_scsi.o
LOAD Middlewares/ST/STM32_USB_Host_Library/Core/Src/usbh_core.o
LOAD Middlewares/ST/STM32_USB_Host_Library/Core/Src/usbh_ctlreq.o
LOAD Middlewares/ST/STM32_USB_Host_Library/Core/Src/usbh_ioreq.o
LOAD Middlewares/ST/STM32_USB_Host_Library/Core/Src/usbh_pipes.o
LOAD Middlewares/Third_Party/FatFs/src/diskio.o
LOAD Middlewares/Third_Party/FatFs/src/ff.o
LOAD Middlewares/Third_Party/FatFs/src/ff_gen_drv.o
LOAD Middlewares/Third_Party/FatFs/src/option/syscall.o
LOAD USB_HOST/App/usb_host.o
LOAD USB_HOST/Target/usbh_conf.o
LOAD USB_HOST/Target/usbh_platform.o
LOAD /home/agur/project/audio7/audio7/Core/lib/lib_mp3decoder_cortex_m4_v2.2.0.a
START GROUP
LOAD /home/agur/project/audio7/audio7/Core/lib/lib_mp3decoder_cortex_m4_v2.2.0.a
END GROUP
START GROUP
LOAD /home/agur/st/stm32cubeide_1.6.1_2/plugins/com.st.stm32cube.ide.mcu.externaltools.gnu-tools-for-stm32.9-2020-q2-update.linux64_1.5.0.202011040924/tools/bin/../lib/gcc/arm-none-eabi/9.3.1/../../../../arm-none-eabi/lib/thumb/v7e-m/nofp/libc_nano.a
LOAD /home/agur/st/stm32cubeide_1.6.1_2/plugins/com.st.stm32cube.ide.mcu.externaltools.gnu-tools-for-stm32.9-2020-q2-update.linux64_1.5.0.202011040924/tools/bin/../lib/gcc/arm-none-eabi/9.3.1/../../../../arm-none-eabi/lib/thumb/v7e-m/nofp/libm.a
END GROUP
START GROUP
LOAD /home/agur/st/stm32cubeide_1.6.1_2/plugins/com.st.stm32cube.ide.mcu.externaltools.gnu-tools-for-stm32.9-2020-q2-update.linux64_1.5.0.202011040924/tools/bin/../lib/gcc/arm-none-eabi/9.3.1/thumb/v7e-m/nofp/libgcc.a
LOAD /home/agur/st/stm32cubeide_1.6.1_2/plugins/com.st.stm32cube.ide.mcu.externaltools.gnu-tools-for-stm32.9-2020-q2-update.linux64_1.5.0.202011040924/tools/bin/../lib/gcc/arm-none-eabi/9.3.1/../../../../arm-none-eabi/lib/thumb/v7e-m/nofp/libc_nano.a
END GROUP
START GROUP
LOAD /home/agur/st/stm32cubeide_1.6.1_2/plugins/com.st.stm32cube.ide.mcu.externaltools.gnu-tools-for-stm32.9-2020-q2-update.linux64_1.5.0.202011040924/tools/bin/../lib/gcc/arm-none-eabi/9.3.1/thumb/v7e-m/nofp/libgcc.a
LOAD /home/agur/st/stm32cubeide_1.6.1_2/plugins/com.st.stm32cube.ide.mcu.externaltools.gnu-tools-for-stm32.9-2020-q2-update.linux64_1.5.0.202011040924/tools/bin/../lib/gcc/arm-none-eabi/9.3.1/../../../../arm-none-eabi/lib/thumb/v7e-m/nofp/libc_nano.a
LOAD /home/agur/st/stm32cubeide_1.6.1_2/plugins/com.st.stm32cube.ide.mcu.externaltools.gnu-tools-for-stm32.9-2020-q2-update.linux64_1.5.0.202011040924/tools/bin/../lib/gcc/arm-none-eabi/9.3.1/../../../../arm-none-eabi/lib/thumb/v7e-m/nofp/libnosys.a
END GROUP
START GROUP
LOAD /home/agur/st/stm32cubeide_1.6.1_2/plugins/com.st.stm32cube.ide.mcu.externaltools.gnu-tools-for-stm32.9-2020-q2-update.linux64_1.5.0.202011040924/tools/bin/../lib/gcc/arm-none-eabi/9.3.1/thumb/v7e-m/nofp/libgcc.a
LOAD /home/agur/st/stm32cubeide_1.6.1_2/plugins/com.st.stm32cube.ide.mcu.externaltools.gnu-tools-for-stm32.9-2020-q2-update.linux64_1.5.0.202011040924/tools/bin/../lib/gcc/arm-none-eabi/9.3.1/../../../../arm-none-eabi/lib/thumb/v7e-m/nofp/libc_nano.a
LOAD /home/agur/st/stm32cubeide_1.6.1_2/plugins/com.st.stm32cube.ide.mcu.externaltools.gnu-tools-for-stm32.9-2020-q2-update.linux64_1.5.0.202011040924/tools/bin/../lib/gcc/arm-none-eabi/9.3.1/../../../../arm-none-eabi/lib/thumb/v7e-m/nofp/libnosys.a
END GROUP
LOAD /home/agur/st/stm32cubeide_1.6.1_2/plugins/com.st.stm32cube.ide.mcu.externaltools.gnu-tools-for-stm32.9-2020-q2-update.linux64_1.5.0.202011040924/tools/bin/../lib/gcc/arm-none-eabi/9.3.1/thumb/v7e-m/nofp/crtend.o
LOAD /home/agur/st/stm32cubeide_1.6.1_2/plugins/com.st.stm32cube.ide.mcu.externaltools.gnu-tools-for-stm32.9-2020-q2-update.linux64_1.5.0.202011040924/tools/bin/../lib/gcc/arm-none-eabi/9.3.1/thumb/v7e-m/nofp/crtn.o
                0x0000000020020000                _estack = (ORIGIN (RAM) + LENGTH (RAM))
                0x0000000000000200                _Min_Heap_Size = 0x200
                0x0000000000000400                _Min_Stack_Size = 0x400

.isr_vector     0x0000000008000000      0x188
                0x0000000008000000                . = ALIGN (0x4)
 *(.isr_vector)
 .isr_vector    0x0000000008000000      0x188 Core/Startup/startup_stm32f407vgtx.o
                0x0000000008000000                g_pfnVectors
                0x0000000008000188                . = ALIGN (0x4)

.text           0x0000000008000188     0xfff4
                0x0000000008000188                . = ALIGN (0x4)
 *(.text)
 .text          0x0000000008000188       0x40 /home/agur/st/stm32cubeide_1.6.1_2/plugins/com.st.stm32cube.ide.mcu.externaltools.gnu-tools-for-stm32.9-2020-q2-update.linux64_1.5.0.202011040924/tools/bin/../lib/gcc/arm-none-eabi/9.3.1/thumb/v7e-m/nofp/crtbegin.o
 .text          0x00000000080001c8     0x11e8 /home/agur/project/audio7/audio7/Core/lib/lib_mp3decoder_cortex_m4_v2.2.0.a(mp3d_htab_armv4.o)
                0x00000000080001c8                MP3D_SPCORP_Symbol_007
                0x00000000080001dc                MP3D_SPCORP_Symbol_011
                0x000000000800020e                MP3D_SPCORP_Symbol_019
                0x000000000800023c                MP3D_SPCORP_Symbol_021
                0x0000000008000260                MP3D_SPCORP_Symbol_018
                0x00000000080002be                MP3D_SPCORP_Symbol_022
                0x00000000080002d6                MP3D_SPCORP_Symbol_023
                0x00000000080002f8                MP3D_SPCORP_Symbol_002
                0x0000000008000370                MP3D_SPCORP_Symbol_003
                0x0000000008000374                MP3D_SPCORP_Symbol_017
                0x00000000080003a0                MP3D_SPCORP_Symbol_016
                0x00000000080003e0                MP3D_SPCORP_Symbol_004
                0x0000000008000490                MP3D_SPCORP_Symbol_005
                0x000000000800049e                MP3D_SPCORP_Symbol_010
                0x0000000008000642                MP3D_SPCORP_Symbol_008
                0x0000000008000652                MP3D_SPCORP_Symbol_009
                0x000000000800065e                MP3D_SPCORP_Symbol_020
                0x0000000008000734                MP3D_SPCORP_Symbol_025
                0x00000000080008a0                MP3D_SPCORP_Symbol_026
                0x0000000008000a1a                MP3D_SPCORP_Symbol_015
                0x0000000008000d9a                MP3D_SPCORP_Symbol_014
                0x0000000008000e68                MP3D_SPCORP_Symbol_034
                0x0000000008000eba                SpiritMP3DecoderInit
                0x0000000008000f04                SpiritMP3Decode
                0x0000000008001022                SpiritMP3DecoderGetPersistentSize
 .text          0x00000000080013b0      0x168 /home/agur/project/audio7/audio7/Core/lib/lib_mp3decoder_cortex_m4_v2.2.0.a(mp3d_bitio_armv4.o)
                0x00000000080013b0                MP3D_SPCORP_Symbol_006
                0x000000000800146c                MP3D_SPCORP_Symbol_012
 .text          0x0000000008001518      0x19a /home/agur/project/audio7/audio7/Core/lib/lib_mp3decoder_cortex_m4_v2.2.0.a(mp3d_copypcmsamples_armv4.o)
                0x0000000008001518                MP3D_SPCORP_Symbol_013
 *fill*         0x00000000080016b2        0x2 
 .text          0x00000000080016b4       0xc0 /home/agur/project/audio7/audio7/Core/lib/lib_mp3decoder_cortex_m4_v2.2.0.a(mp3d_dealias_armv5e.o)
                0x00000000080016b4                MP3D_SPCORP_Symbol_001
 .text          0x0000000008001774      0x578 /home/agur/project/audio7/audio7/Core/lib/lib_mp3decoder_cortex_m4_v2.2.0.a(mp3d_huffdec_armv7e-m.o)
                0x000000000800189c                MP3D_SPCORP_Symbol_027
                0x0000000008001b68                MP3D_SPCORP_Symbol_000
 .text          0x0000000008001cec      0x708 /home/agur/project/audio7/audio7/Core/lib/lib_mp3decoder_cortex_m4_v2.2.0.a(mp3d_imdct3612_armv5e.o)
                0x0000000008002394                MP3D_SPCORP_Symbol_028
 .text          0x00000000080023f4       0xb4 /home/agur/project/audio7/audio7/Core/lib/lib_mp3decoder_cortex_m4_v2.2.0.a(mp3d_reorder_armv4.o)
                0x00000000080023f4                MP3D_SPCORP_Symbol_032
 .text          0x00000000080024a8      0x234 /home/agur/project/audio7/audio7/Core/lib/lib_mp3decoder_cortex_m4_v2.2.0.a(mp3d_stereo_armv4.o)
                0x00000000080024a8                MP3D_SPCORP_Symbol_031
                0x0000000008002544                MP3D_SPCORP_Symbol_029
 .text          0x00000000080026dc      0xd5c /home/agur/project/audio7/audio7/Core/lib/lib_mp3decoder_cortex_m4_v2.2.0.a(mp3d_synfilt_armv7e-m.o)
                0x00000000080033f8                MP3D_SPCORP_Symbol_033
 .text          0x0000000008003438       0x30 /home/agur/st/stm32cubeide_1.6.1_2/plugins/com.st.stm32cube.ide.mcu.externaltools.gnu-tools-for-stm32.9-2020-q2-update.linux64_1.5.0.202011040924/tools/bin/../lib/gcc/arm-none-eabi/9.3.1/thumb/v7e-m/nofp/libgcc.a(_aeabi_uldivmod.o)
                0x0000000008003438                __aeabi_uldivmod
 .text          0x0000000008003468      0x2c0 /home/agur/st/stm32cubeide_1.6.1_2/plugins/com.st.stm32cube.ide.mcu.externaltools.gnu-tools-for-stm32.9-2020-q2-update.linux64_1.5.0.202011040924/tools/bin/../lib/gcc/arm-none-eabi/9.3.1/thumb/v7e-m/nofp/libgcc.a(_udivmoddi4.o)
                0x0000000008003468                __udivmoddi4
 .text          0x0000000008003728        0x4 /home/agur/st/stm32cubeide_1.6.1_2/plugins/com.st.stm32cube.ide.mcu.externaltools.gnu-tools-for-stm32.9-2020-q2-update.linux64_1.5.0.202011040924/tools/bin/../lib/gcc/arm-none-eabi/9.3.1/thumb/v7e-m/nofp/libgcc.a(_dvmd_tls.o)
                0x0000000008003728                __aeabi_ldiv0
                0x0000000008003728                __aeabi_idiv0
 *(.text*)
 .text.write_register
                0x000000000800372c       0x3c Core/Src/audio.o
 .text.read_register
                0x0000000008003768       0x44 Core/Src/audio.o
 .text.CS43_Init
                0x00000000080037ac      0x228 Core/Src/audio.o
                0x00000000080037ac                CS43_Init
 .text.CS43_Enable_RightLeft
                0x00000000080039d4       0xb8 Core/Src/audio.o
                0x00000000080039d4                CS43_Enable_RightLeft
 .text.CS43_SetVolume
                0x0000000008003a8c       0x84 Core/Src/audio.o
                0x0000000008003a8c                CS43_SetVolume
 .text.CS43_Start
                0x0000000008003b10       0x84 Core/Src/audio.o
                0x0000000008003b10                CS43_Start
 .text.CS43_Stop
                0x0000000008003b94       0x20 Core/Src/audio.o
                0x0000000008003b94                CS43_Stop
 .text.RetrieveMP3Data
                0x0000000008003bb4       0x28 Core/Src/main.o
                0x0000000008003bb4                RetrieveMP3Data
 .text.main     0x0000000008003bdc      0x1c0 Core/Src/main.o
                0x0000000008003bdc                main
 .text.SystemClock_Config
                0x0000000008003d9c      0x100 Core/Src/main.o
                0x0000000008003d9c                SystemClock_Config
 .text.MX_CRC_Init
                0x0000000008003e9c       0x28 Core/Src/main.o
 .text.MX_I2C1_Init
                0x0000000008003ec4       0x5c Core/Src/main.o
 .text.MX_I2S3_Init
                0x0000000008003f20       0x5c Core/Src/main.o
 .text.MX_DMA_Init
                0x0000000008003f7c       0x40 Core/Src/main.o
 .text.MX_GPIO_Init
                0x0000000008003fbc      0x104 Core/Src/main.o
 .text.HAL_I2S_TxCpltCallback
                0x00000000080040c0       0x3c Core/Src/main.o
                0x00000000080040c0                HAL_I2S_TxCpltCallback
 .text.HAL_I2S_TxHalfCpltCallback
                0x00000000080040fc       0x2c Core/Src/main.o
                0x00000000080040fc                HAL_I2S_TxHalfCpltCallback
 .text.Error_Handler
                0x0000000008004128        0xa Core/Src/main.o
                0x0000000008004128                Error_Handler
 *fill*         0x0000000008004132        0x2 
 .text.HAL_MspInit
                0x0000000008004134       0x4c Core/Src/stm32f4xx_hal_msp.o
                0x0000000008004134                HAL_MspInit
 .text.HAL_CRC_MspInit
                0x0000000008004180       0x40 Core/Src/stm32f4xx_hal_msp.o
                0x0000000008004180                HAL_CRC_MspInit
 .text.HAL_I2C_MspInit
                0x00000000080041c0       0x90 Core/Src/stm32f4xx_hal_msp.o
                0x00000000080041c0                HAL_I2C_MspInit
 .text.HAL_I2S_MspInit
                0x0000000008004250      0x14c Core/Src/stm32f4xx_hal_msp.o
                0x0000000008004250                HAL_I2S_MspInit
 .text.NMI_Handler
                0x000000000800439c        0x6 Core/Src/stm32f4xx_it.o
                0x000000000800439c                NMI_Handler
 .text.HardFault_Handler
                0x00000000080043a2        0x6 Core/Src/stm32f4xx_it.o
                0x00000000080043a2                HardFault_Handler
 .text.MemManage_Handler
                0x00000000080043a8        0x6 Core/Src/stm32f4xx_it.o
                0x00000000080043a8                MemManage_Handler
 .text.BusFault_Handler
                0x00000000080043ae        0x6 Core/Src/stm32f4xx_it.o
                0x00000000080043ae                BusFault_Handler
 .text.UsageFault_Handler
                0x00000000080043b4        0x6 Core/Src/stm32f4xx_it.o
                0x00000000080043b4                UsageFault_Handler
 .text.SVC_Handler
                0x00000000080043ba        0xc Core/Src/stm32f4xx_it.o
                0x00000000080043ba                SVC_Handler
 .text.DebugMon_Handler
                0x00000000080043c6        0xc Core/Src/stm32f4xx_it.o
                0x00000000080043c6                DebugMon_Handler
 .text.PendSV_Handler
                0x00000000080043d2        0xc Core/Src/stm32f4xx_it.o
                0x00000000080043d2                PendSV_Handler
 .text.SysTick_Handler
                0x00000000080043de        0xc Core/Src/stm32f4xx_it.o
                0x00000000080043de                SysTick_Handler
 *fill*         0x00000000080043ea        0x2 
 .text.DMA1_Stream5_IRQHandler
                0x00000000080043ec       0x14 Core/Src/stm32f4xx_it.o
                0x00000000080043ec                DMA1_Stream5_IRQHandler
 .text.SPI3_IRQHandler
                0x0000000008004400       0x14 Core/Src/stm32f4xx_it.o
                0x0000000008004400                SPI3_IRQHandler
 .text.OTG_FS_IRQHandler
                0x0000000008004414       0x14 Core/Src/stm32f4xx_it.o
                0x0000000008004414                OTG_FS_IRQHandler
 .text._sbrk    0x0000000008004428       0x6c Core/Src/sysmem.o
                0x0000000008004428                _sbrk
 .text.SystemInit
                0x0000000008004494        0xc Core/Src/system_stm32f4xx.o
                0x0000000008004494                SystemInit
 .text.Reset_Handler
                0x00000000080044a0       0x50 Core/Startup/startup_stm32f407vgtx.o
                0x00000000080044a0                Reset_Handler
 .text.Default_Handler
                0x00000000080044f0        0x2 Core/Startup/startup_stm32f407vgtx.o
                0x00000000080044f0                RTC_Alarm_IRQHandler
                0x00000000080044f0                HASH_RNG_IRQHandler
                0x00000000080044f0                EXTI2_IRQHandler
                0x00000000080044f0                TIM8_CC_IRQHandler
                0x00000000080044f0                TIM1_CC_IRQHandler
                0x00000000080044f0                DMA2_Stream5_IRQHandler
                0x00000000080044f0                PVD_IRQHandler
                0x00000000080044f0                SDIO_IRQHandler
                0x00000000080044f0                TAMP_STAMP_IRQHandler
                0x00000000080044f0                CAN2_RX1_IRQHandler
                0x00000000080044f0                EXTI3_IRQHandler
                0x00000000080044f0                TIM8_TRG_COM_TIM14_IRQHandler
                0x00000000080044f0                TIM1_UP_TIM10_IRQHandler
                0x00000000080044f0                TIM8_UP_TIM13_IRQHandler
                0x00000000080044f0                I2C3_ER_IRQHandler
                0x00000000080044f0                EXTI0_IRQHandler
                0x00000000080044f0                I2C2_EV_IRQHandler
                0x00000000080044f0                DMA1_Stream2_IRQHandler
                0x00000000080044f0                CAN1_RX0_IRQHandler
                0x00000000080044f0                FPU_IRQHandler
                0x00000000080044f0                OTG_HS_WKUP_IRQHandler
                0x00000000080044f0                CAN2_SCE_IRQHandler
                0x00000000080044f0                DMA2_Stream2_IRQHandler
                0x00000000080044f0                SPI1_IRQHandler
                0x00000000080044f0                TIM6_DAC_IRQHandler
                0x00000000080044f0                TIM1_BRK_TIM9_IRQHandler
                0x00000000080044f0                DCMI_IRQHandler
                0x00000000080044f0                CAN2_RX0_IRQHandler
                0x00000000080044f0                DMA2_Stream3_IRQHandler
                0x00000000080044f0                USART6_IRQHandler
                0x00000000080044f0                USART3_IRQHandler
                0x00000000080044f0                CAN1_RX1_IRQHandler
                0x00000000080044f0                UART5_IRQHandler
                0x00000000080044f0                DMA2_Stream0_IRQHandler
                0x00000000080044f0                TIM4_IRQHandler
                0x00000000080044f0                I2C1_EV_IRQHandler
                0x00000000080044f0                DMA1_Stream6_IRQHandler
                0x00000000080044f0                DMA1_Stream1_IRQHandler
                0x00000000080044f0                UART4_IRQHandler
                0x00000000080044f0                TIM3_IRQHandler
                0x00000000080044f0                RCC_IRQHandler
                0x00000000080044f0                TIM8_BRK_TIM12_IRQHandler
                0x00000000080044f0                Default_Handler
                0x00000000080044f0                EXTI15_10_IRQHandler
                0x00000000080044f0                ADC_IRQHandler
                0x00000000080044f0                DMA1_Stream7_IRQHandler
                0x00000000080044f0                TIM7_IRQHandler
                0x00000000080044f0                CAN2_TX_IRQHandler
                0x00000000080044f0                TIM5_IRQHandler
                0x00000000080044f0                DMA2_Stream7_IRQHandler
                0x00000000080044f0                I2C3_EV_IRQHandler
                0x00000000080044f0                EXTI9_5_IRQHandler
                0x00000000080044f0                RTC_WKUP_IRQHandler
                0x00000000080044f0                ETH_WKUP_IRQHandler
                0x00000000080044f0                SPI2_IRQHandler
                0x00000000080044f0                OTG_HS_EP1_IN_IRQHandler
                0x00000000080044f0                DMA1_Stream0_IRQHandler
                0x00000000080044f0                CAN1_TX_IRQHandler
                0x00000000080044f0                EXTI4_IRQHandler
                0x00000000080044f0                FSMC_IRQHandler
                0x00000000080044f0                ETH_IRQHandler
                0x00000000080044f0                OTG_HS_EP1_OUT_IRQHandler
                0x00000000080044f0                WWDG_IRQHandler
                0x00000000080044f0                TIM2_IRQHandler
                0x00000000080044f0                OTG_FS_WKUP_IRQHandler
                0x00000000080044f0                TIM1_TRG_COM_TIM11_IRQHandler
                0x00000000080044f0                OTG_HS_IRQHandler
                0x00000000080044f0                EXTI1_IRQHandler
                0x00000000080044f0                USART2_IRQHandler
                0x00000000080044f0                I2C2_ER_IRQHandler
                0x00000000080044f0                DMA2_Stream1_IRQHandler
                0x00000000080044f0                CAN1_SCE_IRQHandler
                0x00000000080044f0                FLASH_IRQHandler
                0x00000000080044f0                DMA2_Stream4_IRQHandler
                0x00000000080044f0                USART1_IRQHandler
                0x00000000080044f0                DMA1_Stream4_IRQHandler
                0x00000000080044f0                I2C1_ER_IRQHandler
                0x00000000080044f0                DMA2_Stream6_IRQHandler
                0x00000000080044f0                DMA1_Stream3_IRQHandler
 *fill*         0x00000000080044f2        0x2 
 .text.HAL_Init
                0x00000000080044f4       0x44 Drivers/STM32F4xx_HAL_Driver/Src/stm32f4xx_hal.o
                0x00000000080044f4                HAL_Init
 .text.HAL_InitTick
                0x0000000008004538       0x60 Drivers/STM32F4xx_HAL_Driver/Src/stm32f4xx_hal.o
                0x0000000008004538                HAL_InitTick
 .text.HAL_IncTick
                0x0000000008004598       0x24 Drivers/STM32F4xx_HAL_Driver/Src/stm32f4xx_hal.o
                0x0000000008004598                HAL_IncTick
 .text.HAL_GetTick
                0x00000000080045bc       0x14 Drivers/STM32F4xx_HAL_Driver/Src/stm32f4xx_hal.o
                0x00000000080045bc                HAL_GetTick
 .text.HAL_Delay
                0x00000000080045d0       0x48 Drivers/STM32F4xx_HAL_Driver/Src/stm32f4xx_hal.o
                0x00000000080045d0                HAL_Delay
 .text.__NVIC_SetPriorityGrouping
                0x0000000008004618       0x48 Drivers/STM32F4xx_HAL_Driver/Src/stm32f4xx_hal_cortex.o
 .text.__NVIC_GetPriorityGrouping
                0x0000000008004660       0x1c Drivers/STM32F4xx_HAL_Driver/Src/stm32f4xx_hal_cortex.o
 .text.__NVIC_EnableIRQ
                0x000000000800467c       0x38 Drivers/STM32F4xx_HAL_Driver/Src/stm32f4xx_hal_cortex.o
 .text.__NVIC_SetPriority
                0x00000000080046b4       0x54 Drivers/STM32F4xx_HAL_Driver/Src/stm32f4xx_hal_cortex.o
 .text.NVIC_EncodePriority
                0x0000000008004708       0x64 Drivers/STM32F4xx_HAL_Driver/Src/stm32f4xx_hal_cortex.o
 .text.SysTick_Config
                0x000000000800476c       0x44 Drivers/STM32F4xx_HAL_Driver/Src/stm32f4xx_hal_cortex.o
 .text.HAL_NVIC_SetPriorityGrouping
                0x00000000080047b0       0x16 Drivers/STM32F4xx_HAL_Driver/Src/stm32f4xx_hal_cortex.o
                0x00000000080047b0                HAL_NVIC_SetPriorityGrouping
 .text.HAL_NVIC_SetPriority
                0x00000000080047c6       0x38 Drivers/STM32F4xx_HAL_Driver/Src/stm32f4xx_hal_cortex.o
                0x00000000080047c6                HAL_NVIC_SetPriority
 .text.HAL_NVIC_EnableIRQ
                0x00000000080047fe       0x1c Drivers/STM32F4xx_HAL_Driver/Src/stm32f4xx_hal_cortex.o
                0x00000000080047fe                HAL_NVIC_EnableIRQ
 .text.HAL_SYSTICK_Config
                0x000000000800481a       0x18 Drivers/STM32F4xx_HAL_Driver/Src/stm32f4xx_hal_cortex.o
                0x000000000800481a                HAL_SYSTICK_Config
 .text.HAL_CRC_Init
                0x0000000008004832       0x38 Drivers/STM32F4xx_HAL_Driver/Src/stm32f4xx_hal_crc.o
                0x0000000008004832                HAL_CRC_Init
 *fill*         0x000000000800486a        0x2 
 .text.HAL_DMA_Init
                0x000000000800486c      0x15c Drivers/STM32F4xx_HAL_Driver/Src/stm32f4xx_hal_dma.o
                0x000000000800486c                HAL_DMA_Init
 .text.HAL_DMA_Start_IT
                0x00000000080049c8       0xb0 Drivers/STM32F4xx_HAL_Driver/Src/stm32f4xx_hal_dma.o
                0x00000000080049c8                HAL_DMA_Start_IT
 .text.HAL_DMA_IRQHandler
                0x0000000008004a78      0x314 Drivers/STM32F4xx_HAL_Driver/Src/stm32f4xx_hal_dma.o
                0x0000000008004a78                HAL_DMA_IRQHandler
 .text.DMA_SetConfig
                0x0000000008004d8c       0x5a Drivers/STM32F4xx_HAL_Driver/Src/stm32f4xx_hal_dma.o
 *fill*         0x0000000008004de6        0x2 
 .text.DMA_CalcBaseAndBitshift
                0x0000000008004de8       0x68 Drivers/STM32F4xx_HAL_Driver/Src/stm32f4xx_hal_dma.o
 .text.DMA_CheckFifoParam
                0x0000000008004e50       0xf4 Drivers/STM32F4xx_HAL_Driver/Src/stm32f4xx_hal_dma.o
 .text.HAL_GPIO_Init
                0x0000000008004f44      0x334 Drivers/STM32F4xx_HAL_Driver/Src/stm32f4xx_hal_gpio.o
                0x0000000008004f44                HAL_GPIO_Init
 .text.HAL_GPIO_WritePin
                0x0000000008005278       0x30 Drivers/STM32F4xx_HAL_Driver/Src/stm32f4xx_hal_gpio.o
                0x0000000008005278                HAL_GPIO_WritePin
 .text.HAL_HCD_Init
                0x00000000080052a8       0xc4 Drivers/STM32F4xx_HAL_Driver/Src/stm32f4xx_hal_hcd.o
                0x00000000080052a8                HAL_HCD_Init
 .text.HAL_HCD_HC_Init
                0x000000000800536c      0x11e Drivers/STM32F4xx_HAL_Driver/Src/stm32f4xx_hal_hcd.o
                0x000000000800536c                HAL_HCD_HC_Init
 .text.HAL_HCD_HC_Halt
                0x000000000800548a       0x46 Drivers/STM32F4xx_HAL_Driver/Src/stm32f4xx_hal_hcd.o
                0x000000000800548a                HAL_HCD_HC_Halt
 .text.HAL_HCD_HC_SubmitRequest
                0x00000000080054d0      0x2ac Drivers/STM32F4xx_HAL_Driver/Src/stm32f4xx_hal_hcd.o
                0x00000000080054d0                HAL_HCD_HC_SubmitRequest
 .text.HAL_HCD_IRQHandler
                0x000000000800577c      0x216 Drivers/STM32F4xx_HAL_Driver/Src/stm32f4xx_hal_hcd.o
                0x000000000800577c                HAL_HCD_IRQHandler
 .text.HAL_HCD_Start
                0x0000000008005992       0x46 Drivers/STM32F4xx_HAL_Driver/Src/stm32f4xx_hal_hcd.o
                0x0000000008005992                HAL_HCD_Start
 .text.HAL_HCD_Stop
                0x00000000080059d8       0x3a Drivers/STM32F4xx_HAL_Driver/Src/stm32f4xx_hal_hcd.o
                0x00000000080059d8                HAL_HCD_Stop
 .text.HAL_HCD_ResetPort
                0x0000000008005a12       0x1c Drivers/STM32F4xx_HAL_Driver/Src/stm32f4xx_hal_hcd.o
                0x0000000008005a12                HAL_HCD_ResetPort
 .text.HAL_HCD_HC_GetURBState
                0x0000000008005a2e       0x26 Drivers/STM32F4xx_HAL_Driver/Src/stm32f4xx_hal_hcd.o
                0x0000000008005a2e                HAL_HCD_HC_GetURBState
 .text.HAL_HCD_HC_GetXferCount
                0x0000000008005a54       0x26 Drivers/STM32F4xx_HAL_Driver/Src/stm32f4xx_hal_hcd.o
                0x0000000008005a54                HAL_HCD_HC_GetXferCount
 .text.HAL_HCD_GetCurrentFrame
                0x0000000008005a7a       0x1c Drivers/STM32F4xx_HAL_Driver/Src/stm32f4xx_hal_hcd.o
                0x0000000008005a7a                HAL_HCD_GetCurrentFrame
 .text.HAL_HCD_GetCurrentSpeed
                0x0000000008005a96       0x1c Drivers/STM32F4xx_HAL_Driver/Src/stm32f4xx_hal_hcd.o
                0x0000000008005a96                HAL_HCD_GetCurrentSpeed
 .text.HCD_HC_IN_IRQHandler
                0x0000000008005ab2      0x844 Drivers/STM32F4xx_HAL_Driver/Src/stm32f4xx_hal_hcd.o
 .text.HCD_HC_OUT_IRQHandler
                0x00000000080062f6      0x802 Drivers/STM32F4xx_HAL_Driver/Src/stm32f4xx_hal_hcd.o
 .text.HCD_RXQLVL_IRQHandler
                0x0000000008006af8      0x1a4 Drivers/STM32F4xx_HAL_Driver/Src/stm32f4xx_hal_hcd.o
 .text.HCD_Port_IRQHandler
                0x0000000008006c9c       0xe6 Drivers/STM32F4xx_HAL_Driver/Src/stm32f4xx_hal_hcd.o
 *fill*         0x0000000008006d82        0x2 
 .text.HAL_I2C_Init
                0x0000000008006d84      0x288 Drivers/STM32F4xx_HAL_Driver/Src/stm32f4xx_hal_i2c.o
                0x0000000008006d84                HAL_I2C_Init
 .text.HAL_I2C_Master_Transmit
                0x000000000800700c      0x1fc Drivers/STM32F4xx_HAL_Driver/Src/stm32f4xx_hal_i2c.o
                0x000000000800700c                HAL_I2C_Master_Transmit
 .text.HAL_I2C_Master_Receive
                0x0000000008007208      0x44c Drivers/STM32F4xx_HAL_Driver/Src/stm32f4xx_hal_i2c.o
                0x0000000008007208                HAL_I2C_Master_Receive
 .text.I2C_MasterRequestWrite
                0x0000000008007654      0x104 Drivers/STM32F4xx_HAL_Driver/Src/stm32f4xx_hal_i2c.o
 .text.I2C_MasterRequestRead
                0x0000000008007758      0x19c Drivers/STM32F4xx_HAL_Driver/Src/stm32f4xx_hal_i2c.o
 .text.I2C_WaitOnFlagUntilTimeout
                0x00000000080078f4       0xae Drivers/STM32F4xx_HAL_Driver/Src/stm32f4xx_hal_i2c.o
 .text.I2C_WaitOnMasterAddressFlagUntilTimeout
                0x00000000080079a2       0xfe Drivers/STM32F4xx_HAL_Driver/Src/stm32f4xx_hal_i2c.o
 .text.I2C_WaitOnTXEFlagUntilTimeout
                0x0000000008007aa0       0x82 Drivers/STM32F4xx_HAL_Driver/Src/stm32f4xx_hal_i2c.o
 .text.I2C_WaitOnBTFFlagUntilTimeout
                0x0000000008007b22       0x82 Drivers/STM32F4xx_HAL_Driver/Src/stm32f4xx_hal_i2c.o
 .text.I2C_WaitOnRXNEFlagUntilTimeout
                0x0000000008007ba4       0xac Drivers/STM32F4xx_HAL_Driver/Src/stm32f4xx_hal_i2c.o
 .text.I2C_IsAcknowledgeFailed
                0x0000000008007c50       0x5c Drivers/STM32F4xx_HAL_Driver/Src/stm32f4xx_hal_i2c.o
 .text.HAL_I2S_Init
                0x0000000008007cac      0x280 Drivers/STM32F4xx_HAL_Driver/Src/stm32f4xx_hal_i2s.o
                0x0000000008007cac                HAL_I2S_Init
 .text.HAL_I2S_Transmit_DMA
                0x0000000008007f2c      0x150 Drivers/STM32F4xx_HAL_Driver/Src/stm32f4xx_hal_i2s.o
                0x0000000008007f2c                HAL_I2S_Transmit_DMA
 .text.HAL_I2S_IRQHandler
                0x000000000800807c       0x18 Drivers/STM32F4xx_HAL_Driver/Src/stm32f4xx_hal_i2s.o
                0x000000000800807c                HAL_I2S_IRQHandler
 .text.HAL_I2S_RxCpltCallback
                0x0000000008008094       0x12 Drivers/STM32F4xx_HAL_Driver/Src/stm32f4xx_hal_i2s.o
                0x0000000008008094                HAL_I2S_RxCpltCallback
 .text.HAL_I2S_ErrorCallback
                0x00000000080080a6       0x12 Drivers/STM32F4xx_HAL_Driver/Src/stm32f4xx_hal_i2s.o
                0x00000000080080a6                HAL_I2S_ErrorCallback
 .text.I2S_DMATxCplt
                0x00000000080080b8       0x42 Drivers/STM32F4xx_HAL_Driver/Src/stm32f4xx_hal_i2s.o
 .text.I2S_DMATxHalfCplt
                0x00000000080080fa       0x1c Drivers/STM32F4xx_HAL_Driver/Src/stm32f4xx_hal_i2s.o
 .text.I2S_DMAError
                0x0000000008008116       0x4c Drivers/STM32F4xx_HAL_Driver/Src/stm32f4xx_hal_i2s.o
 .text.I2S_Transmit_IT
                0x0000000008008162       0x5c Drivers/STM32F4xx_HAL_Driver/Src/stm32f4xx_hal_i2s.o
 .text.I2S_Receive_IT
                0x00000000080081be       0x5e Drivers/STM32F4xx_HAL_Driver/Src/stm32f4xx_hal_i2s.o
 .text.I2S_IRQHandler
                0x000000000800821c      0x114 Drivers/STM32F4xx_HAL_Driver/Src/stm32f4xx_hal_i2s.o
 .text.HAL_I2SEx_FullDuplex_IRQHandler
                0x0000000008008330      0x2a8 Drivers/STM32F4xx_HAL_Driver/Src/stm32f4xx_hal_i2s_ex.o
                0x0000000008008330                HAL_I2SEx_FullDuplex_IRQHandler
 .text.HAL_I2SEx_TxRxCpltCallback
                0x00000000080085d8       0x12 Drivers/STM32F4xx_HAL_Driver/Src/stm32f4xx_hal_i2s_ex.o
                0x00000000080085d8                HAL_I2SEx_TxRxCpltCallback
 .text.I2SEx_TxISR_I2S
                0x00000000080085ea       0x62 Drivers/STM32F4xx_HAL_Driver/Src/stm32f4xx_hal_i2s_ex.o
 .text.I2SEx_TxISR_I2SExt
                0x000000000800864c       0x98 Drivers/STM32F4xx_HAL_Driver/Src/stm32f4xx_hal_i2s_ex.o
 .text.I2SEx_RxISR_I2S
                0x00000000080086e4       0x64 Drivers/STM32F4xx_HAL_Driver/Src/stm32f4xx_hal_i2s_ex.o
 .text.I2SEx_RxISR_I2SExt
                0x0000000008008748       0x98 Drivers/STM32F4xx_HAL_Driver/Src/stm32f4xx_hal_i2s_ex.o
 .text.HAL_RCC_OscConfig
                0x00000000080087e0      0x4f0 Drivers/STM32F4xx_HAL_Driver/Src/stm32f4xx_hal_rcc.o
                0x00000000080087e0                HAL_RCC_OscConfig
 .text.HAL_RCC_ClockConfig
                0x0000000008008cd0      0x1cc Drivers/STM32F4xx_HAL_Driver/Src/stm32f4xx_hal_rcc.o
                0x0000000008008cd0                HAL_RCC_ClockConfig
 .text.HAL_RCC_GetSysClockFreq
                0x0000000008008e9c      0x1c4 Drivers/STM32F4xx_HAL_Driver/Src/stm32f4xx_hal_rcc.o
                0x0000000008008e9c                HAL_RCC_GetSysClockFreq
 .text.HAL_RCC_GetHCLKFreq
                0x0000000008009060       0x14 Drivers/STM32F4xx_HAL_Driver/Src/stm32f4xx_hal_rcc.o
                0x0000000008009060                HAL_RCC_GetHCLKFreq
 .text.HAL_RCC_GetPCLK1Freq
                0x0000000008009074       0x28 Drivers/STM32F4xx_HAL_Driver/Src/stm32f4xx_hal_rcc.o
                0x0000000008009074                HAL_RCC_GetPCLK1Freq
 .text.HAL_RCCEx_PeriphCLKConfig
                0x000000000800909c      0x1c4 Drivers/STM32F4xx_HAL_Driver/Src/stm32f4xx_hal_rcc_ex.o
                0x000000000800909c                HAL_RCCEx_PeriphCLKConfig
 .text.HAL_RCCEx_GetPeriphCLKFreq
                0x0000000008009260       0xb8 Drivers/STM32F4xx_HAL_Driver/Src/stm32f4xx_hal_rcc_ex.o
                0x0000000008009260                HAL_RCCEx_GetPeriphCLKFreq
 .text.USB_CoreInit
                0x0000000008009318       0xc2 Drivers/STM32F4xx_HAL_Driver/Src/stm32f4xx_ll_usb.o
                0x0000000008009318                USB_CoreInit
 .text.USB_EnableGlobalInt
                0x00000000080093da       0x20 Drivers/STM32F4xx_HAL_Driver/Src/stm32f4xx_ll_usb.o
                0x00000000080093da                USB_EnableGlobalInt
 .text.USB_DisableGlobalInt
                0x00000000080093fa       0x20 Drivers/STM32F4xx_HAL_Driver/Src/stm32f4xx_ll_usb.o
                0x00000000080093fa                USB_DisableGlobalInt
 .text.USB_SetCurrentMode
                0x000000000800941a       0x98 Drivers/STM32F4xx_HAL_Driver/Src/stm32f4xx_ll_usb.o
                0x000000000800941a                USB_SetCurrentMode
 *fill*         0x00000000080094b2        0x2 
 .text.USB_FlushTxFifo
                0x00000000080094b4       0x48 Drivers/STM32F4xx_HAL_Driver/Src/stm32f4xx_ll_usb.o
                0x00000000080094b4                USB_FlushTxFifo
 .text.USB_FlushRxFifo
                0x00000000080094fc       0x40 Drivers/STM32F4xx_HAL_Driver/Src/stm32f4xx_ll_usb.o
                0x00000000080094fc                USB_FlushRxFifo
 .text.USB_WritePacket
                0x000000000800953c       0x7a Drivers/STM32F4xx_HAL_Driver/Src/stm32f4xx_ll_usb.o
                0x000000000800953c                USB_WritePacket
 .text.USB_ReadPacket
                0x00000000080095b6       0xae Drivers/STM32F4xx_HAL_Driver/Src/stm32f4xx_ll_usb.o
                0x00000000080095b6                USB_ReadPacket
 .text.USB_ReadInterrupts
                0x0000000008009664       0x24 Drivers/STM32F4xx_HAL_Driver/Src/stm32f4xx_ll_usb.o
                0x0000000008009664                USB_ReadInterrupts
 .text.USB_GetMode
                0x0000000008009688       0x1a Drivers/STM32F4xx_HAL_Driver/Src/stm32f4xx_ll_usb.o
                0x0000000008009688                USB_GetMode
 *fill*         0x00000000080096a2        0x2 
 .text.USB_CoreReset
                0x00000000080096a4       0x60 Drivers/STM32F4xx_HAL_Driver/Src/stm32f4xx_ll_usb.o
 .text.USB_HostInit
                0x0000000008009704      0x168 Drivers/STM32F4xx_HAL_Driver/Src/stm32f4xx_ll_usb.o
                0x0000000008009704                USB_HostInit
 .text.USB_InitFSLSPClkSel
                0x000000000800986c       0x72 Drivers/STM32F4xx_HAL_Driver/Src/stm32f4xx_ll_usb.o
                0x000000000800986c                USB_InitFSLSPClkSel
 .text.USB_ResetPort
                0x00000000080098de       0x54 Drivers/STM32F4xx_HAL_Driver/Src/stm32f4xx_ll_usb.o
                0x00000000080098de                USB_ResetPort
 .text.USB_DriveVbus
                0x0000000008009932       0x70 Drivers/STM32F4xx_HAL_Driver/Src/stm32f4xx_ll_usb.o
                0x0000000008009932                USB_DriveVbus
 .text.USB_GetHostSpeed
                0x00000000080099a2       0x2c Drivers/STM32F4xx_HAL_Driver/Src/stm32f4xx_ll_usb.o
                0x00000000080099a2                USB_GetHostSpeed
 .text.USB_GetCurrentFrame
                0x00000000080099ce       0x20 Drivers/STM32F4xx_HAL_Driver/Src/stm32f4xx_ll_usb.o
                0x00000000080099ce                USB_GetCurrentFrame
 *fill*         0x00000000080099ee        0x2 
 .text.USB_HC_Init
                0x00000000080099f0      0x21c Drivers/STM32F4xx_HAL_Driver/Src/stm32f4xx_ll_usb.o
                0x00000000080099f0                USB_HC_Init
 .text.USB_HC_StartXfer
                0x0000000008009c0c      0x284 Drivers/STM32F4xx_HAL_Driver/Src/stm32f4xx_ll_usb.o
                0x0000000008009c0c                USB_HC_StartXfer
 .text.USB_HC_ReadInterrupt
                0x0000000008009e90       0x20 Drivers/STM32F4xx_HAL_Driver/Src/stm32f4xx_ll_usb.o
                0x0000000008009e90                USB_HC_ReadInterrupt
 .text.USB_HC_Halt
                0x0000000008009eb0      0x236 Drivers/STM32F4xx_HAL_Driver/Src/stm32f4xx_ll_usb.o
                0x0000000008009eb0                USB_HC_Halt
 *fill*         0x000000000800a0e6        0x2 
 .text.USB_DoPing
                0x000000000800a0e8       0x74 Drivers/STM32F4xx_HAL_Driver/Src/stm32f4xx_ll_usb.o
                0x000000000800a0e8                USB_DoPing
 .text.USB_StopHost
                0x000000000800a15c      0x10c Drivers/STM32F4xx_HAL_Driver/Src/stm32f4xx_ll_usb.o
                0x000000000800a15c                USB_StopHost
 .text.MX_FATFS_Init
                0x000000000800a268       0x24 FATFS/App/fatfs.o
                0x000000000800a268                MX_FATFS_Init
 .text.get_fattime
                0x000000000800a28c        0xe FATFS/App/fatfs.o
                0x000000000800a28c                get_fattime
 .text.USBH_initialize
                0x000000000800a29a       0x16 FATFS/Target/usbh_diskio.o
                0x000000000800a29a                USBH_initialize
 .text.USBH_status
                0x000000000800a2b0       0x38 FATFS/Target/usbh_diskio.o
                0x000000000800a2b0                USBH_status
 .text.USBH_read
                0x000000000800a2e8       0x74 FATFS/Target/usbh_diskio.o
                0x000000000800a2e8                USBH_read
 .text.USBH_write
                0x000000000800a35c       0x84 FATFS/Target/usbh_diskio.o
                0x000000000800a35c                USBH_write
 .text.USBH_ioctl
                0x000000000800a3e0       0xd8 FATFS/Target/usbh_diskio.o
                0x000000000800a3e0                USBH_ioctl
 .text.USBH_MSC_InterfaceInit
                0x000000000800a4b8      0x216 Middlewares/ST/STM32_USB_Host_Library/Class/MSC/Src/usbh_msc.o
 .text.USBH_MSC_InterfaceDeInit
                0x000000000800a6ce       0x8c Middlewares/ST/STM32_USB_Host_Library/Class/MSC/Src/usbh_msc.o
 .text.USBH_MSC_ClassRequest
                0x000000000800a75a       0xce Middlewares/ST/STM32_USB_Host_Library/Class/MSC/Src/usbh_msc.o
 .text.USBH_MSC_Process
                0x000000000800a828      0x520 Middlewares/ST/STM32_USB_Host_Library/Class/MSC/Src/usbh_msc.o
 .text.USBH_MSC_SOFProcess
                0x000000000800ad48       0x14 Middlewares/ST/STM32_USB_Host_Library/Class/MSC/Src/usbh_msc.o
 .text.USBH_MSC_RdWrProcess
                0x000000000800ad5c      0x19e Middlewares/ST/STM32_USB_Host_Library/Class/MSC/Src/usbh_msc.o
 .text.USBH_MSC_UnitIsReady
                0x000000000800aefa       0x4a Middlewares/ST/STM32_USB_Host_Library/Class/MSC/Src/usbh_msc.o
                0x000000000800aefa                USBH_MSC_UnitIsReady
 .text.USBH_MSC_GetLUNInfo
                0x000000000800af44       0x48 Middlewares/ST/STM32_USB_Host_Library/Class/MSC/Src/usbh_msc.o
                0x000000000800af44                USBH_MSC_GetLUNInfo
 .text.USBH_MSC_Read
                0x000000000800af8c       0xd2 Middlewares/ST/STM32_USB_Host_Library/Class/MSC/Src/usbh_msc.o
                0x000000000800af8c                USBH_MSC_Read
 .text.USBH_MSC_Write
                0x000000000800b05e       0xd2 Middlewares/ST/STM32_USB_Host_Library/Class/MSC/Src/usbh_msc.o
                0x000000000800b05e                USBH_MSC_Write
 .text.USBH_MSC_BOT_REQ_Reset
                0x000000000800b130       0x3a Middlewares/ST/STM32_USB_Host_Library/Class/MSC/Src/usbh_msc_bot.o
                0x000000000800b130                USBH_MSC_BOT_REQ_Reset
 .text.USBH_MSC_BOT_REQ_GetMaxLUN
                0x000000000800b16a       0x3c Middlewares/ST/STM32_USB_Host_Library/Class/MSC/Src/usbh_msc_bot.o
                0x000000000800b16a                USBH_MSC_BOT_REQ_GetMaxLUN
 *fill*         0x000000000800b1a6        0x2 
 .text.USBH_MSC_BOT_Init
                0x000000000800b1a8       0x44 Middlewares/ST/STM32_USB_Host_Library/Class/MSC/Src/usbh_msc_bot.o
                0x000000000800b1a8                USBH_MSC_BOT_Init
 .text.USBH_MSC_BOT_Process
                0x000000000800b1ec      0x39c Middlewares/ST/STM32_USB_Host_Library/Class/MSC/Src/usbh_msc_bot.o
                0x000000000800b1ec                USBH_MSC_BOT_Process
 .text.USBH_MSC_BOT_Abort
                0x000000000800b588       0x58 Middlewares/ST/STM32_USB_Host_Library/Class/MSC/Src/usbh_msc_bot.o
 .text.USBH_MSC_DecodeCSW
                0x000000000800b5e0       0x88 Middlewares/ST/STM32_USB_Host_Library/Class/MSC/Src/usbh_msc_bot.o
 .text.USBH_MSC_SCSI_TestUnitReady
                0x000000000800b668       0x86 Middlewares/ST/STM32_USB_Host_Library/Class/MSC/Src/usbh_msc_scsi.o
                0x000000000800b668                USBH_MSC_SCSI_TestUnitReady
 .text.USBH_MSC_SCSI_ReadCapacity
                0x000000000800b6ee       0xf6 Middlewares/ST/STM32_USB_Host_Library/Class/MSC/Src/usbh_msc_scsi.o
                0x000000000800b6ee                USBH_MSC_SCSI_ReadCapacity
 .text.USBH_MSC_SCSI_Inquiry
                0x000000000800b7e4      0x14a Middlewares/ST/STM32_USB_Host_Library/Class/MSC/Src/usbh_msc_scsi.o
                0x000000000800b7e4                USBH_MSC_SCSI_Inquiry
 .text.USBH_MSC_SCSI_RequestSense
                0x000000000800b92e       0xf2 Middlewares/ST/STM32_USB_Host_Library/Class/MSC/Src/usbh_msc_scsi.o
                0x000000000800b92e                USBH_MSC_SCSI_RequestSense
 .text.USBH_MSC_SCSI_Write
                0x000000000800ba20       0xd6 Middlewares/ST/STM32_USB_Host_Library/Class/MSC/Src/usbh_msc_scsi.o
                0x000000000800ba20                USBH_MSC_SCSI_Write
 .text.USBH_MSC_SCSI_Read
                0x000000000800baf6       0xd6 Middlewares/ST/STM32_USB_Host_Library/Class/MSC/Src/usbh_msc_scsi.o
                0x000000000800baf6                USBH_MSC_SCSI_Read
 .text.USBH_Init
                0x000000000800bbcc       0x74 Middlewares/ST/STM32_USB_Host_Library/Core/Src/usbh_core.o
                0x000000000800bbcc                USBH_Init
 .text.DeInitStateMachine
                0x000000000800bc40       0xa8 Middlewares/ST/STM32_USB_Host_Library/Core/Src/usbh_core.o
 .text.USBH_RegisterClass
                0x000000000800bce8       0x54 Middlewares/ST/STM32_USB_Host_Library/Core/Src/usbh_core.o
                0x000000000800bce8                USBH_RegisterClass
 .text.USBH_SelectInterface
                0x000000000800bd3c       0x36 Middlewares/ST/STM32_USB_Host_Library/Core/Src/usbh_core.o
                0x000000000800bd3c                USBH_SelectInterface
 .text.USBH_FindInterface
                0x000000000800bd72       0x8a Middlewares/ST/STM32_USB_Host_Library/Core/Src/usbh_core.o
                0x000000000800bd72                USBH_FindInterface
 .text.USBH_Start
                0x000000000800bdfc       0x20 Middlewares/ST/STM32_USB_Host_Library/Core/Src/usbh_core.o
                0x000000000800bdfc                USBH_Start
 .text.USBH_Process
                0x000000000800be1c      0x3c4 Middlewares/ST/STM32_USB_Host_Library/Core/Src/usbh_core.o
                0x000000000800be1c                USBH_Process
 .text.USBH_HandleEnum
                0x000000000800c1e0      0x3c8 Middlewares/ST/STM32_USB_Host_Library/Core/Src/usbh_core.o
 .text.USBH_LL_SetTimer
                0x000000000800c5a8       0x1c Middlewares/ST/STM32_USB_Host_Library/Core/Src/usbh_core.o
                0x000000000800c5a8                USBH_LL_SetTimer
 .text.USBH_LL_IncTimer
                0x000000000800c5c4       0x24 Middlewares/ST/STM32_USB_Host_Library/Core/Src/usbh_core.o
                0x000000000800c5c4                USBH_LL_IncTimer
 .text.USBH_HandleSof
                0x000000000800c5e8       0x30 Middlewares/ST/STM32_USB_Host_Library/Core/Src/usbh_core.o
 .text.USBH_LL_PortEnabled
                0x000000000800c618       0x1a Middlewares/ST/STM32_USB_Host_Library/Core/Src/usbh_core.o
                0x000000000800c618                USBH_LL_PortEnabled
 .text.USBH_LL_PortDisabled
                0x000000000800c632       0x1a Middlewares/ST/STM32_USB_Host_Library/Core/Src/usbh_core.o
                0x000000000800c632                USBH_LL_PortDisabled
 .text.USBH_LL_Connect
                0x000000000800c64c       0x2c Middlewares/ST/STM32_USB_Host_Library/Core/Src/usbh_core.o
                0x000000000800c64c                USBH_LL_Connect
 .text.USBH_LL_Disconnect
                0x000000000800c678       0x48 Middlewares/ST/STM32_USB_Host_Library/Core/Src/usbh_core.o
                0x000000000800c678                USBH_LL_Disconnect
 .text.USBH_Get_DevDesc
                0x000000000800c6c0       0x50 Middlewares/ST/STM32_USB_Host_Library/Core/Src/usbh_ctlreq.o
                0x000000000800c6c0                USBH_Get_DevDesc
 .text.USBH_Get_CfgDesc
                0x000000000800c710       0x48 Middlewares/ST/STM32_USB_Host_Library/Core/Src/usbh_ctlreq.o
                0x000000000800c710                USBH_Get_CfgDesc
 .text.USBH_Get_StringDesc
                0x000000000800c758       0x56 Middlewares/ST/STM32_USB_Host_Library/Core/Src/usbh_ctlreq.o
                0x000000000800c758                USBH_Get_StringDesc
 .text.USBH_GetDescriptor
                0x000000000800c7ae       0x6a Middlewares/ST/STM32_USB_Host_Library/Core/Src/usbh_ctlreq.o
                0x000000000800c7ae                USBH_GetDescriptor
 .text.USBH_SetAddress
                0x000000000800c818       0x48 Middlewares/ST/STM32_USB_Host_Library/Core/Src/usbh_ctlreq.o
                0x000000000800c818                USBH_SetAddress
 .text.USBH_SetCfg
                0x000000000800c860       0x46 Middlewares/ST/STM32_USB_Host_Library/Core/Src/usbh_ctlreq.o
                0x000000000800c860                USBH_SetCfg
 .text.USBH_SetFeature
                0x000000000800c8a6       0x48 Middlewares/ST/STM32_USB_Host_Library/Core/Src/usbh_ctlreq.o
                0x000000000800c8a6                USBH_SetFeature
 .text.USBH_ClrFeature
                0x000000000800c8ee       0x48 Middlewares/ST/STM32_USB_Host_Library/Core/Src/usbh_ctlreq.o
                0x000000000800c8ee                USBH_ClrFeature
 .text.USBH_ParseDevDesc
                0x000000000800c936       0xde Middlewares/ST/STM32_USB_Host_Library/Core/Src/usbh_ctlreq.o
 .text.USBH_ParseCfgDesc
                0x000000000800ca14      0x144 Middlewares/ST/STM32_USB_Host_Library/Core/Src/usbh_ctlreq.o
 .text.USBH_ParseInterfaceDesc
                0x000000000800cb58       0x5c Middlewares/ST/STM32_USB_Host_Library/Core/Src/usbh_ctlreq.o
 .text.USBH_ParseEPDesc
                0x000000000800cbb4       0x58 Middlewares/ST/STM32_USB_Host_Library/Core/Src/usbh_ctlreq.o
 .text.USBH_ParseStringDesc
                0x000000000800cc0c       0x64 Middlewares/ST/STM32_USB_Host_Library/Core/Src/usbh_ctlreq.o
 .text.USBH_GetNextDesc
                0x000000000800cc70       0x34 Middlewares/ST/STM32_USB_Host_Library/Core/Src/usbh_ctlreq.o
                0x000000000800cc70                USBH_GetNextDesc
 .text.USBH_CtlReq
                0x000000000800cca4       0x7a Middlewares/ST/STM32_USB_Host_Library/Core/Src/usbh_ctlreq.o
                0x000000000800cca4                USBH_CtlReq
 *fill*         0x000000000800cd1e        0x2 
 .text.USBH_HandleControl
                0x000000000800cd20      0x2e8 Middlewares/ST/STM32_USB_Host_Library/Core/Src/usbh_ctlreq.o
 .text.USBH_CtlSendSetup
                0x000000000800d008       0x34 Middlewares/ST/STM32_USB_Host_Library/Core/Src/usbh_ioreq.o
                0x000000000800d008                USBH_CtlSendSetup
 .text.USBH_CtlSendData
                0x000000000800d03c       0x4a Middlewares/ST/STM32_USB_Host_Library/Core/Src/usbh_ioreq.o
                0x000000000800d03c                USBH_CtlSendData
 .text.USBH_CtlReceiveData
                0x000000000800d086       0x3c Middlewares/ST/STM32_USB_Host_Library/Core/Src/usbh_ioreq.o
                0x000000000800d086                USBH_CtlReceiveData
 .text.USBH_BulkSendData
                0x000000000800d0c2       0x4a Middlewares/ST/STM32_USB_Host_Library/Core/Src/usbh_ioreq.o
                0x000000000800d0c2                USBH_BulkSendData
 .text.USBH_BulkReceiveData
                0x000000000800d10c       0x3c Middlewares/ST/STM32_USB_Host_Library/Core/Src/usbh_ioreq.o
                0x000000000800d10c                USBH_BulkReceiveData
 .text.USBH_OpenPipe
                0x000000000800d148       0x3e Middlewares/ST/STM32_USB_Host_Library/Core/Src/usbh_pipes.o
                0x000000000800d148                USBH_OpenPipe
 .text.USBH_ClosePipe
                0x000000000800d186       0x20 Middlewares/ST/STM32_USB_Host_Library/Core/Src/usbh_pipes.o
                0x000000000800d186                USBH_ClosePipe
 .text.USBH_AllocPipe
                0x000000000800d1a6       0x44 Middlewares/ST/STM32_USB_Host_Library/Core/Src/usbh_pipes.o
                0x000000000800d1a6                USBH_AllocPipe
 .text.USBH_FreePipe
                0x000000000800d1ea       0x3e Middlewares/ST/STM32_USB_Host_Library/Core/Src/usbh_pipes.o
                0x000000000800d1ea                USBH_FreePipe
 .text.USBH_GetFreePipe
                0x000000000800d228       0x48 Middlewares/ST/STM32_USB_Host_Library/Core/Src/usbh_pipes.o
 .text.disk_status
                0x000000000800d270       0x34 Middlewares/Third_Party/FatFs/src/diskio.o
                0x000000000800d270                disk_status
 .text.disk_initialize
                0x000000000800d2a4       0x4c Middlewares/Third_Party/FatFs/src/diskio.o
                0x000000000800d2a4                disk_initialize
 .text.disk_read
                0x000000000800d2f0       0x40 Middlewares/Third_Party/FatFs/src/diskio.o
                0x000000000800d2f0                disk_read
 .text.disk_write
                0x000000000800d330       0x40 Middlewares/Third_Party/FatFs/src/diskio.o
                0x000000000800d330                disk_write
 .text.disk_ioctl
                0x000000000800d370       0x3c Middlewares/Third_Party/FatFs/src/diskio.o
                0x000000000800d370                disk_ioctl
 .text.ld_word  0x000000000800d3ac       0x2e Middlewares/Third_Party/FatFs/src/ff.o
 .text.ld_dword
                0x000000000800d3da       0x44 Middlewares/Third_Party/FatFs/src/ff.o
 .text.st_word  0x000000000800d41e       0x34 Middlewares/Third_Party/FatFs/src/ff.o
 .text.st_dword
                0x000000000800d452       0x56 Middlewares/Third_Party/FatFs/src/ff.o
 .text.mem_cpy  0x000000000800d4a8       0x40 Middlewares/Third_Party/FatFs/src/ff.o
 .text.mem_set  0x000000000800d4e8       0x34 Middlewares/Third_Party/FatFs/src/ff.o
 .text.mem_cmp  0x000000000800d51c       0x4c Middlewares/Third_Party/FatFs/src/ff.o
 .text.chk_chr  0x000000000800d568       0x34 Middlewares/Third_Party/FatFs/src/ff.o
 .text.chk_lock
                0x000000000800d59c       0xb4 Middlewares/Third_Party/FatFs/src/ff.o
 .text.enq_lock
                0x000000000800d650       0x40 Middlewares/Third_Party/FatFs/src/ff.o
 .text.inc_lock
                0x000000000800d690      0x11c Middlewares/Third_Party/FatFs/src/ff.o
 .text.clear_lock
                0x000000000800d7ac       0x48 Middlewares/Third_Party/FatFs/src/ff.o
 .text.sync_window
                0x000000000800d7f4       0x88 Middlewares/Third_Party/FatFs/src/ff.o
 .text.move_window
                0x000000000800d87c       0x5a Middlewares/Third_Party/FatFs/src/ff.o
 .text.clust2sect
                0x000000000800d8d6       0x3c Middlewares/Third_Party/FatFs/src/ff.o
 .text.get_fat  0x000000000800d912      0x1a8 Middlewares/Third_Party/FatFs/src/ff.o
 .text.put_fat  0x000000000800daba      0x238 Middlewares/Third_Party/FatFs/src/ff.o
 .text.remove_chain
                0x000000000800dcf2       0xca Middlewares/Third_Party/FatFs/src/ff.o
 .text.create_chain
                0x000000000800ddbc      0x130 Middlewares/Third_Party/FatFs/src/ff.o
 .text.clmt_clust
                0x000000000800deec       0x6e Middlewares/Third_Party/FatFs/src/ff.o
 .text.dir_sdi  0x000000000800df5a      0x112 Middlewares/Third_Party/FatFs/src/ff.o
 .text.dir_next
                0x000000000800e06c      0x1ac Middlewares/Third_Party/FatFs/src/ff.o
 .text.dir_alloc
                0x000000000800e218       0x8e Middlewares/Third_Party/FatFs/src/ff.o
 .text.ld_clust
                0x000000000800e2a6       0x3e Middlewares/Third_Party/FatFs/src/ff.o
 .text.st_clust
                0x000000000800e2e4       0x40 Middlewares/Third_Party/FatFs/src/ff.o
 .text.dir_find
                0x000000000800e324       0xaa Middlewares/Third_Party/FatFs/src/ff.o
 .text.dir_register
                0x000000000800e3ce       0x64 Middlewares/Third_Party/FatFs/src/ff.o
 *fill*         0x000000000800e432        0x2 
 .text.create_name
                0x000000000800e434      0x128 Middlewares/Third_Party/FatFs/src/ff.o
 .text.follow_path
                0x000000000800e55c       0xec Middlewares/Third_Party/FatFs/src/ff.o
 .text.get_ldnumber
                0x000000000800e648       0x86 Middlewares/Third_Party/FatFs/src/ff.o
 *fill*         0x000000000800e6ce        0x2 
 .text.check_fs
                0x000000000800e6d0       0xac Middlewares/Third_Party/FatFs/src/ff.o
 .text.find_volume
                0x000000000800e77c      0x508 Middlewares/Third_Party/FatFs/src/ff.o
 .text.validate
                0x000000000800ec84       0x6a Middlewares/Third_Party/FatFs/src/ff.o
 *fill*         0x000000000800ecee        0x2 
 .text.f_mount  0x000000000800ecf0       0x8c Middlewares/Third_Party/FatFs/src/ff.o
                0x000000000800ecf0                f_mount
 .text.f_open   0x000000000800ed7c      0x398 Middlewares/Third_Party/FatFs/src/ff.o
                0x000000000800ed7c                f_open
 .text.f_read   0x000000000800f114      0x2be Middlewares/Third_Party/FatFs/src/ff.o
                0x000000000800f114                f_read
 .text.f_lseek  0x000000000800f3d2      0x448 Middlewares/Third_Party/FatFs/src/ff.o
                0x000000000800f3d2                f_lseek
 *fill*         0x000000000800f81a        0x2 
 .text.FATFS_LinkDriverEx
                0x000000000800f81c       0x94 Middlewares/Third_Party/FatFs/src/ff_gen_drv.o
                0x000000000800f81c                FATFS_LinkDriverEx
 .text.FATFS_LinkDriver
                0x000000000800f8b0       0x1e Middlewares/Third_Party/FatFs/src/ff_gen_drv.o
                0x000000000800f8b0                FATFS_LinkDriver
 *fill*         0x000000000800f8ce        0x2 
 .text.MX_USB_HOST_Init
                0x000000000800f8d0       0x4c USB_HOST/App/usb_host.o
                0x000000000800f8d0                MX_USB_HOST_Init
 .text.MX_USB_HOST_Process
                0x000000000800f91c       0x14 USB_HOST/App/usb_host.o
                0x000000000800f91c                MX_USB_HOST_Process
 .text.USBH_UserProcess
                0x000000000800f930       0x58 USB_HOST/App/usb_host.o
 .text.HAL_HCD_MspInit
                0x000000000800f988       0xc4 USB_HOST/Target/usbh_conf.o
                0x000000000800f988                HAL_HCD_MspInit
 .text.HAL_HCD_SOF_Callback
                0x000000000800fa4c       0x1c USB_HOST/Target/usbh_conf.o
                0x000000000800fa4c                HAL_HCD_SOF_Callback
 .text.HAL_HCD_Connect_Callback
                0x000000000800fa68       0x1c USB_HOST/Target/usbh_conf.o
                0x000000000800fa68                HAL_HCD_Connect_Callback
 .text.HAL_HCD_Disconnect_Callback
                0x000000000800fa84       0x1c USB_HOST/Target/usbh_conf.o
                0x000000000800fa84                HAL_HCD_Disconnect_Callback
 .text.HAL_HCD_HC_NotifyURBChange_Callback
                0x000000000800faa0       0x1a USB_HOST/Target/usbh_conf.o
                0x000000000800faa0                HAL_HCD_HC_NotifyURBChange_Callback
 .text.HAL_HCD_PortEnabled_Callback
                0x000000000800faba       0x1c USB_HOST/Target/usbh_conf.o
                0x000000000800faba                HAL_HCD_PortEnabled_Callback
 .text.HAL_HCD_PortDisabled_Callback
                0x000000000800fad6       0x1c USB_HOST/Target/usbh_conf.o
                0x000000000800fad6                HAL_HCD_PortDisabled_Callback
 *fill*         0x000000000800faf2        0x2 
 .text.USBH_LL_Init
                0x000000000800faf4       0x78 USB_HOST/Target/usbh_conf.o
                0x000000000800faf4                USBH_LL_Init
 .text.USBH_LL_Start
                0x000000000800fb6c       0x36 USB_HOST/Target/usbh_conf.o
                0x000000000800fb6c                USBH_LL_Start
 .text.USBH_LL_Stop
                0x000000000800fba2       0x36 USB_HOST/Target/usbh_conf.o
                0x000000000800fba2                USBH_LL_Stop
 .text.USBH_LL_GetSpeed
                0x000000000800fbd8       0x4e USB_HOST/Target/usbh_conf.o
                0x000000000800fbd8                USBH_LL_GetSpeed
 .text.USBH_LL_ResetPort
                0x000000000800fc26       0x36 USB_HOST/Target/usbh_conf.o
                0x000000000800fc26                USBH_LL_ResetPort
 .text.USBH_LL_GetLastXferSize
                0x000000000800fc5c       0x26 USB_HOST/Target/usbh_conf.o
                0x000000000800fc5c                USBH_LL_GetLastXferSize
 .text.USBH_LL_OpenPipe
                0x000000000800fc82       0x5e USB_HOST/Target/usbh_conf.o
                0x000000000800fc82                USBH_LL_OpenPipe
 .text.USBH_LL_ClosePipe
                0x000000000800fce0       0x3e USB_HOST/Target/usbh_conf.o
                0x000000000800fce0                USBH_LL_ClosePipe
 .text.USBH_LL_SubmitURB
                0x000000000800fd1e       0x62 USB_HOST/Target/usbh_conf.o
                0x000000000800fd1e                USBH_LL_SubmitURB
 .text.USBH_LL_GetURBState
                0x000000000800fd80       0x26 USB_HOST/Target/usbh_conf.o
                0x000000000800fd80                USBH_LL_GetURBState
 .text.USBH_LL_DriverVBUS
                0x000000000800fda6       0x2e USB_HOST/Target/usbh_conf.o
                0x000000000800fda6                USBH_LL_DriverVBUS
 .text.USBH_LL_SetToggle
                0x000000000800fdd4       0x5e USB_HOST/Target/usbh_conf.o
                0x000000000800fdd4                USBH_LL_SetToggle
 .text.USBH_LL_GetToggle
                0x000000000800fe32       0x5e USB_HOST/Target/usbh_conf.o
                0x000000000800fe32                USBH_LL_GetToggle
 .text.USBH_Delay
                0x000000000800fe90       0x16 USB_HOST/Target/usbh_conf.o
                0x000000000800fe90                USBH_Delay
 *fill*         0x000000000800fea6        0x2 
 .text.USBH_Get_USB_Status
                0x000000000800fea8       0x58 USB_HOST/Target/usbh_conf.o
                0x000000000800fea8                USBH_Get_USB_Status
 .text.MX_DriverVbusFS
                0x000000000800ff00       0x38 USB_HOST/Target/usbh_platform.o
                0x000000000800ff00                MX_DriverVbusFS
 .text.__errno  0x000000000800ff38        0xc /home/agur/st/stm32cubeide_1.6.1_2/plugins/com.st.stm32cube.ide.mcu.externaltools.gnu-tools-for-stm32.9-2020-q2-update.linux64_1.5.0.202011040924/tools/bin/../lib/gcc/arm-none-eabi/9.3.1/../../../../arm-none-eabi/lib/thumb/v7e-m/nofp/libc_nano.a(lib_a-errno.o)
                0x000000000800ff38                __errno
 .text.__libc_init_array
                0x000000000800ff44       0x48 /home/agur/st/stm32cubeide_1.6.1_2/plugins/com.st.stm32cube.ide.mcu.externaltools.gnu-tools-for-stm32.9-2020-q2-update.linux64_1.5.0.202011040924/tools/bin/../lib/gcc/arm-none-eabi/9.3.1/../../../../arm-none-eabi/lib/thumb/v7e-m/nofp/libc_nano.a(lib_a-init.o)
                0x000000000800ff44                __libc_init_array
 .text.malloc   0x000000000800ff8c       0x10 /home/agur/st/stm32cubeide_1.6.1_2/plugins/com.st.stm32cube.ide.mcu.externaltools.gnu-tools-for-stm32.9-2020-q2-update.linux64_1.5.0.202011040924/tools/bin/../lib/gcc/arm-none-eabi/9.3.1/../../../../arm-none-eabi/lib/thumb/v7e-m/nofp/libc_nano.a(lib_a-malloc.o)
                0x000000000800ff8c                malloc
 .text.free     0x000000000800ff9c       0x10 /home/agur/st/stm32cubeide_1.6.1_2/plugins/com.st.stm32cube.ide.mcu.externaltools.gnu-tools-for-stm32.9-2020-q2-update.linux64_1.5.0.202011040924/tools/bin/../lib/gcc/arm-none-eabi/9.3.1/../../../../arm-none-eabi/lib/thumb/v7e-m/nofp/libc_nano.a(lib_a-malloc.o)
                0x000000000800ff9c                free
 .text.memcpy   0x000000000800ffac       0x1c /home/agur/st/stm32cubeide_1.6.1_2/plugins/com.st.stm32cube.ide.mcu.externaltools.gnu-tools-for-stm32.9-2020-q2-update.linux64_1.5.0.202011040924/tools/bin/../lib/gcc/arm-none-eabi/9.3.1/../../../../arm-none-eabi/lib/thumb/v7e-m/nofp/libc_nano.a(lib_a-memcpy-stub.o)
                0x000000000800ffac                memcpy
 .text.memset   0x000000000800ffc8       0x10 /home/agur/st/stm32cubeide_1.6.1_2/plugins/com.st.stm32cube.ide.mcu.externaltools.gnu-tools-for-stm32.9-2020-q2-update.linux64_1.5.0.202011040924/tools/bin/../lib/gcc/arm-none-eabi/9.3.1/../../../../arm-none-eabi/lib/thumb/v7e-m/nofp/libc_nano.a(lib_a-memset.o)
                0x000000000800ffc8                memset
 .text._free_r  0x000000000800ffd8       0x9c /home/agur/st/stm32cubeide_1.6.1_2/plugins/com.st.stm32cube.ide.mcu.externaltools.gnu-tools-for-stm32.9-2020-q2-update.linux64_1.5.0.202011040924/tools/bin/../lib/gcc/arm-none-eabi/9.3.1/../../../../arm-none-eabi/lib/thumb/v7e-m/nofp/libc_nano.a(lib_a-nano-freer.o)
                0x000000000800ffd8                _free_r
 .text._malloc_r
                0x0000000008010074       0xb4 /home/agur/st/stm32cubeide_1.6.1_2/plugins/com.st.stm32cube.ide.mcu.externaltools.gnu-tools-for-stm32.9-2020-q2-update.linux64_1.5.0.202011040924/tools/bin/../lib/gcc/arm-none-eabi/9.3.1/../../../../arm-none-eabi/lib/thumb/v7e-m/nofp/libc_nano.a(lib_a-nano-mallocr.o)
                0x0000000008010074                _malloc_r
 .text._sbrk_r  0x0000000008010128       0x20 /home/agur/st/stm32cubeide_1.6.1_2/plugins/com.st.stm32cube.ide.mcu.externaltools.gnu-tools-for-stm32.9-2020-q2-update.linux64_1.5.0.202011040924/tools/bin/../lib/gcc/arm-none-eabi/9.3.1/../../../../arm-none-eabi/lib/thumb/v7e-m/nofp/libc_nano.a(lib_a-sbrkr.o)
                0x0000000008010128                _sbrk_r
 .text.__malloc_lock
                0x0000000008010148        0xc /home/agur/st/stm32cubeide_1.6.1_2/plugins/com.st.stm32cube.ide.mcu.externaltools.gnu-tools-for-stm32.9-2020-q2-update.linux64_1.5.0.202011040924/tools/bin/../lib/gcc/arm-none-eabi/9.3.1/../../../../arm-none-eabi/lib/thumb/v7e-m/nofp/libc_nano.a(lib_a-mlock.o)
                0x0000000008010148                __malloc_lock
 .text.__malloc_unlock
                0x0000000008010154        0xc /home/agur/st/stm32cubeide_1.6.1_2/plugins/com.st.stm32cube.ide.mcu.externaltools.gnu-tools-for-stm32.9-2020-q2-update.linux64_1.5.0.202011040924/tools/bin/../lib/gcc/arm-none-eabi/9.3.1/../../../../arm-none-eabi/lib/thumb/v7e-m/nofp/libc_nano.a(lib_a-mlock.o)
                0x0000000008010154                __malloc_unlock
 .text.__retarget_lock_acquire_recursive
                0x0000000008010160        0x2 /home/agur/st/stm32cubeide_1.6.1_2/plugins/com.st.stm32cube.ide.mcu.externaltools.gnu-tools-for-stm32.9-2020-q2-update.linux64_1.5.0.202011040924/tools/bin/../lib/gcc/arm-none-eabi/9.3.1/../../../../arm-none-eabi/lib/thumb/v7e-m/nofp/libc_nano.a(lib_a-lock.o)
                0x0000000008010160                __retarget_lock_acquire_recursive
 .text.__retarget_lock_release_recursive
                0x0000000008010162        0x2 /home/agur/st/stm32cubeide_1.6.1_2/plugins/com.st.stm32cube.ide.mcu.externaltools.gnu-tools-for-stm32.9-2020-q2-update.linux64_1.5.0.202011040924/tools/bin/../lib/gcc/arm-none-eabi/9.3.1/../../../../arm-none-eabi/lib/thumb/v7e-m/nofp/libc_nano.a(lib_a-lock.o)
                0x0000000008010162                __retarget_lock_release_recursive
 *(.glue_7)
 .glue_7        0x0000000008010164        0x0 linker stubs
 *(.glue_7t)
 .glue_7t       0x0000000008010164        0x0 linker stubs
 *(.eh_frame)
 .eh_frame      0x0000000008010164        0x0 /home/agur/st/stm32cubeide_1.6.1_2/plugins/com.st.stm32cube.ide.mcu.externaltools.gnu-tools-for-stm32.9-2020-q2-update.linux64_1.5.0.202011040924/tools/bin/../lib/gcc/arm-none-eabi/9.3.1/thumb/v7e-m/nofp/crtbegin.o
 *(.init)
 .init          0x0000000008010164        0x4 /home/agur/st/stm32cubeide_1.6.1_2/plugins/com.st.stm32cube.ide.mcu.externaltools.gnu-tools-for-stm32.9-2020-q2-update.linux64_1.5.0.202011040924/tools/bin/../lib/gcc/arm-none-eabi/9.3.1/thumb/v7e-m/nofp/crti.o
                0x0000000008010164                _init
 .init          0x0000000008010168        0x8 /home/agur/st/stm32cubeide_1.6.1_2/plugins/com.st.stm32cube.ide.mcu.externaltools.gnu-tools-for-stm32.9-2020-q2-update.linux64_1.5.0.202011040924/tools/bin/../lib/gcc/arm-none-eabi/9.3.1/thumb/v7e-m/nofp/crtn.o
 *(.fini)
 .fini          0x0000000008010170        0x4 /home/agur/st/stm32cubeide_1.6.1_2/plugins/com.st.stm32cube.ide.mcu.externaltools.gnu-tools-for-stm32.9-2020-q2-update.linux64_1.5.0.202011040924/tools/bin/../lib/gcc/arm-none-eabi/9.3.1/thumb/v7e-m/nofp/crti.o
                0x0000000008010170                _fini
 .fini          0x0000000008010174        0x8 /home/agur/st/stm32cubeide_1.6.1_2/plugins/com.st.stm32cube.ide.mcu.externaltools.gnu-tools-for-stm32.9-2020-q2-update.linux64_1.5.0.202011040924/tools/bin/../lib/gcc/arm-none-eabi/9.3.1/thumb/v7e-m/nofp/crtn.o
                0x000000000801017c                . = ALIGN (0x4)
                0x000000000801017c                _etext = .

.vfp11_veneer   0x000000000801017c        0x0
 .vfp11_veneer  0x000000000801017c        0x0 linker stubs

.v4_bx          0x000000000801017c        0x0
 .v4_bx         0x000000000801017c        0x0 linker stubs

.iplt           0x000000000801017c        0x0
 .iplt          0x000000000801017c        0x0 /home/agur/st/stm32cubeide_1.6.1_2/plugins/com.st.stm32cube.ide.mcu.externaltools.gnu-tools-for-stm32.9-2020-q2-update.linux64_1.5.0.202011040924/tools/bin/../lib/gcc/arm-none-eabi/9.3.1/thumb/v7e-m/nofp/crtbegin.o

.rodata         0x000000000801017c      0x108
                0x000000000801017c                . = ALIGN (0x4)
 *(.rodata)
 .rodata        0x000000000801017c        0x9 Core/Src/main.o
 *fill*         0x0000000008010185        0x3 
 .rodata        0x0000000008010188        0x4 Middlewares/ST/STM32_USB_Host_Library/Class/MSC/Src/usbh_msc.o
 .rodata        0x000000000801018c       0x44 Middlewares/Third_Party/FatFs/src/ff.o
 *(.rodata*)
 .rodata.AHBPrescTable
                0x00000000080101d0       0x10 Core/Src/system_stm32f4xx.o
                0x00000000080101d0                AHBPrescTable
 .rodata.APBPrescTable
                0x00000000080101e0        0x8 Core/Src/system_stm32f4xx.o
                0x00000000080101e0                APBPrescTable
 .rodata.flagBitshiftOffset.6954
                0x00000000080101e8        0x8 Drivers/STM32F4xx_HAL_Driver/Src/stm32f4xx_hal_dma.o
 .rodata.USBH_Driver
                0x00000000080101f0       0x14 FATFS/Target/usbh_diskio.o
                0x00000000080101f0                USBH_Driver
 .rodata.ExCvt  0x0000000008010204       0x80 Middlewares/Third_Party/FatFs/src/ff.o
                0x0000000008010284                . = ALIGN (0x4)

.constdata      0x0000000008010290     0x1a48
 .constdata     0x0000000008010290     0x10ec /home/agur/project/audio7/audio7/Core/lib/lib_mp3decoder_cortex_m4_v2.2.0.a(mp3d_htab_armv4.o)
                0x0000000008010290                MP3D_SPCORP_Symbol_024
 .constdata     0x000000000801137c      0x310 /home/agur/project/audio7/audio7/Core/lib/lib_mp3decoder_cortex_m4_v2.2.0.a(mp3d_htab_armv4.o)
 *fill*         0x000000000801168c        0x4 
 .constdata     0x0000000008011690       0x20 /home/agur/project/audio7/audio7/Core/lib/lib_mp3decoder_cortex_m4_v2.2.0.a(mp3d_dealias_armv5e.o)
 .constdata     0x00000000080116b0      0x2d0 /home/agur/project/audio7/audio7/Core/lib/lib_mp3decoder_cortex_m4_v2.2.0.a(mp3d_huffdec_armv7e-m.o)
 .constdata     0x0000000008011980       0x24 /home/agur/project/audio7/audio7/Core/lib/lib_mp3decoder_cortex_m4_v2.2.0.a(mp3d_imdct3612_armv5e.o)
 .constdata     0x00000000080119a4       0x50 /home/agur/project/audio7/audio7/Core/lib/lib_mp3decoder_cortex_m4_v2.2.0.a(mp3d_reorder_armv4.o)
 .constdata     0x00000000080119f4       0x44 /home/agur/project/audio7/audio7/Core/lib/lib_mp3decoder_cortex_m4_v2.2.0.a(mp3d_stereo_armv4.o)
 .constdata     0x0000000008011a38      0x2a0 /home/agur/project/audio7/audio7/Core/lib/lib_mp3decoder_cortex_m4_v2.2.0.a(mp3d_synfilt_armv7e-m.o)

.ARM.extab      0x0000000008011cd8        0x0
                0x0000000008011cd8                . = ALIGN (0x4)
 *(.ARM.extab* .gnu.linkonce.armextab.*)
                0x0000000008011cd8                . = ALIGN (0x4)

.ARM            0x0000000008011cd8        0x8
                0x0000000008011cd8                . = ALIGN (0x4)
                0x0000000008011cd8                __exidx_start = .
 *(.ARM.exidx*)
 .ARM.exidx     0x0000000008011cd8        0x8 /home/agur/st/stm32cubeide_1.6.1_2/plugins/com.st.stm32cube.ide.mcu.externaltools.gnu-tools-for-stm32.9-2020-q2-update.linux64_1.5.0.202011040924/tools/bin/../lib/gcc/arm-none-eabi/9.3.1/thumb/v7e-m/nofp/libgcc.a(_udivmoddi4.o)
                0x0000000008011ce0                __exidx_end = .
                0x0000000008011ce0                . = ALIGN (0x4)

.rel.dyn        0x0000000008011ce0        0x0
 .rel.iplt      0x0000000008011ce0        0x0 /home/agur/st/stm32cubeide_1.6.1_2/plugins/com.st.stm32cube.ide.mcu.externaltools.gnu-tools-for-stm32.9-2020-q2-update.linux64_1.5.0.202011040924/tools/bin/../lib/gcc/arm-none-eabi/9.3.1/thumb/v7e-m/nofp/crtbegin.o

.preinit_array  0x0000000008011ce0        0x0
                0x0000000008011ce0                . = ALIGN (0x4)
                0x0000000008011ce0                PROVIDE (__preinit_array_start = .)
 *(.preinit_array*)
                0x0000000008011ce0                PROVIDE (__preinit_array_end = .)
                0x0000000008011ce0                . = ALIGN (0x4)

.init_array     0x0000000008011ce0        0x4
                0x0000000008011ce0                . = ALIGN (0x4)
                0x0000000008011ce0                PROVIDE (__init_array_start = .)
 *(SORT_BY_NAME(.init_array.*))
 *(.init_array*)
 .init_array    0x0000000008011ce0        0x4 /home/agur/st/stm32cubeide_1.6.1_2/plugins/com.st.stm32cube.ide.mcu.externaltools.gnu-tools-for-stm32.9-2020-q2-update.linux64_1.5.0.202011040924/tools/bin/../lib/gcc/arm-none-eabi/9.3.1/thumb/v7e-m/nofp/crtbegin.o
                0x0000000008011ce4                PROVIDE (__init_array_end = .)
                0x0000000008011ce4                . = ALIGN (0x4)

.fini_array     0x0000000008011ce4        0x4
                0x0000000008011ce4                . = ALIGN (0x4)
                [!provide]                        PROVIDE (__fini_array_start = .)
 *(SORT_BY_NAME(.fini_array.*))
 *(.fini_array*)
 .fini_array    0x0000000008011ce4        0x4 /home/agur/st/stm32cubeide_1.6.1_2/plugins/com.st.stm32cube.ide.mcu.externaltools.gnu-tools-for-stm32.9-2020-q2-update.linux64_1.5.0.202011040924/tools/bin/../lib/gcc/arm-none-eabi/9.3.1/thumb/v7e-m/nofp/crtbegin.o
                [!provide]                        PROVIDE (__fini_array_end = .)
                0x0000000008011ce8                . = ALIGN (0x4)
                0x0000000008011ce8                _sidata = LOADADDR (.data)

.data           0x0000000020000000       0x90 load address 0x0000000008011ce8
                0x0000000020000000                . = ALIGN (0x4)
                0x0000000020000000                _sdata = .
 *(.data)
 *(.data*)
 .data.SystemCoreClock
                0x0000000020000000        0x4 Core/Src/system_stm32f4xx.o
                0x0000000020000000                SystemCoreClock
 .data.uwTickPrio
                0x0000000020000004        0x4 Drivers/STM32F4xx_HAL_Driver/Src/stm32f4xx_hal.o
                0x0000000020000004                uwTickPrio
 .data.uwTickFreq
                0x0000000020000008        0x1 Drivers/STM32F4xx_HAL_Driver/Src/stm32f4xx_hal.o
                0x0000000020000008                uwTickFreq
 *fill*         0x0000000020000009        0x3 
 .data.USBH_msc
                0x000000002000000c       0x20 Middlewares/ST/STM32_USB_Host_Library/Class/MSC/Src/usbh_msc.o
                0x000000002000000c                USBH_msc
 .data._impure_ptr
                0x000000002000002c        0x4 /home/agur/st/stm32cubeide_1.6.1_2/plugins/com.st.stm32cube.ide.mcu.externaltools.gnu-tools-for-stm32.9-2020-q2-update.linux64_1.5.0.202011040924/tools/bin/../lib/gcc/arm-none-eabi/9.3.1/../../../../arm-none-eabi/lib/thumb/v7e-m/nofp/libc_nano.a(lib_a-impure.o)
                0x000000002000002c                _impure_ptr
 .data.impure_data
                0x0000000020000030       0x60 /home/agur/st/stm32cubeide_1.6.1_2/plugins/com.st.stm32cube.ide.mcu.externaltools.gnu-tools-for-stm32.9-2020-q2-update.linux64_1.5.0.202011040924/tools/bin/../lib/gcc/arm-none-eabi/9.3.1/../../../../arm-none-eabi/lib/thumb/v7e-m/nofp/libc_nano.a(lib_a-impure.o)
 *(.RamFunc)
 *(.RamFunc*)
                0x0000000020000090                . = ALIGN (0x4)
                0x0000000020000090                _edata = .

.igot.plt       0x0000000020000090        0x0 load address 0x0000000008011d78
 .igot.plt      0x0000000020000090        0x0 /home/agur/st/stm32cubeide_1.6.1_2/plugins/com.st.stm32cube.ide.mcu.externaltools.gnu-tools-for-stm32.9-2020-q2-update.linux64_1.5.0.202011040924/tools/bin/../lib/gcc/arm-none-eabi/9.3.1/thumb/v7e-m/nofp/crtbegin.o
                0x0000000020000090                . = ALIGN (0x4)

.bss            0x0000000020000090     0x5b88 load address 0x0000000008011d78
                0x0000000020000090                _sbss = .
                0x0000000020000090                __bss_start__ = _sbss
 *(.bss)
 .bss           0x0000000020000090       0x1c /home/agur/st/stm32cubeide_1.6.1_2/plugins/com.st.stm32cube.ide.mcu.externaltools.gnu-tools-for-stm32.9-2020-q2-update.linux64_1.5.0.202011040924/tools/bin/../lib/gcc/arm-none-eabi/9.3.1/thumb/v7e-m/nofp/crtbegin.o
 *(.bss*)
 .bss.iData     0x00000000200000ac        0x2 Core/Src/audio.o
 *fill*         0x00000000200000ae        0x2 
 .bss.i2cx      0x00000000200000b0       0x54 Core/Src/audio.o
 .bss.rd_part1  0x0000000020000104        0x1 Core/Src/main.o
                0x0000000020000104                rd_part1
 .bss.rd_part2  0x0000000020000105        0x1 Core/Src/main.o
                0x0000000020000105                rd_part2
 .bss.playing   0x0000000020000106        0x1 Core/Src/main.o
                0x0000000020000106                playing
 *fill*         0x0000000020000107        0x1 
 .bss.__sbrk_heap_end
                0x0000000020000108        0x4 Core/Src/sysmem.o
 .bss.FatFs     0x000000002000010c        0x4 Middlewares/Third_Party/FatFs/src/ff.o
 .bss.Fsid      0x0000000020000110        0x2 Middlewares/Third_Party/FatFs/src/ff.o
 *fill*         0x0000000020000112        0x2 
 .bss.Files     0x0000000020000114       0x20 Middlewares/Third_Party/FatFs/src/ff.o
 .bss.disk      0x0000000020000134        0xc Middlewares/Third_Party/FatFs/src/ff_gen_drv.o
                0x0000000020000134                disk
 .bss.Appli_state
                0x0000000020000140        0x1 USB_HOST/App/usb_host.o
                0x0000000020000140                Appli_state
 *fill*         0x0000000020000141        0x3 
 .bss.__malloc_free_list
                0x0000000020000144        0x4 /home/agur/st/stm32cubeide_1.6.1_2/plugins/com.st.stm32cube.ide.mcu.externaltools.gnu-tools-for-stm32.9-2020-q2-update.linux64_1.5.0.202011040924/tools/bin/../lib/gcc/arm-none-eabi/9.3.1/../../../../arm-none-eabi/lib/thumb/v7e-m/nofp/libc_nano.a(lib_a-nano-mallocr.o)
                0x0000000020000144                __malloc_free_list
 .bss.__malloc_sbrk_start
                0x0000000020000148        0x4 /home/agur/st/stm32cubeide_1.6.1_2/plugins/com.st.stm32cube.ide.mcu.externaltools.gnu-tools-for-stm32.9-2020-q2-update.linux64_1.5.0.202011040924/tools/bin/../lib/gcc/arm-none-eabi/9.3.1/../../../../arm-none-eabi/lib/thumb/v7e-m/nofp/libc_nano.a(lib_a-nano-mallocr.o)
                0x0000000020000148                __malloc_sbrk_start
 *(COMMON)
 COMMON         0x000000002000014c     0x51d9 Core/Src/main.o
                0x000000002000014c                USBHPath
                0x0000000020000150                hi2c1
                0x00000000200001a4                hcrc
                0x00000000200001ac                hdma_spi3_tx
                0x000000002000020c                buffer
                0x000000002000120c                USBHFile
                0x0000000020001a3c                play_buff
                0x0000000020001a40                count
                0x0000000020001a44                read_buff
                0x0000000020001a48                g_MP3Decoder
                0x0000000020004a80                USBHFatFS
                0x00000000200052b4                Mp3Info
                0x00000000200052dc                hi2s3
                0x0000000020005324                retUSBH
 *fill*         0x0000000020005325        0x3 
 COMMON         0x0000000020005328        0x4 Drivers/STM32F4xx_HAL_Driver/Src/stm32f4xx_hal.o
                0x0000000020005328                uwTick
 COMMON         0x000000002000532c      0x5d8 USB_HOST/App/usb_host.o
                0x000000002000532c                hUsbHostFS
 COMMON         0x0000000020005904      0x304 USB_HOST/Target/usbh_conf.o
                0x0000000020005904                hhcd_USB_OTG_FS
 COMMON         0x0000000020005c08        0x4 /home/agur/st/stm32cubeide_1.6.1_2/plugins/com.st.stm32cube.ide.mcu.externaltools.gnu-tools-for-stm32.9-2020-q2-update.linux64_1.5.0.202011040924/tools/bin/../lib/gcc/arm-none-eabi/9.3.1/../../../../arm-none-eabi/lib/thumb/v7e-m/nofp/libc_nano.a(lib_a-reent.o)
                0x0000000020005c08                errno
 COMMON         0x0000000020005c0c        0x9 /home/agur/st/stm32cubeide_1.6.1_2/plugins/com.st.stm32cube.ide.mcu.externaltools.gnu-tools-for-stm32.9-2020-q2-update.linux64_1.5.0.202011040924/tools/bin/../lib/gcc/arm-none-eabi/9.3.1/../../../../arm-none-eabi/lib/thumb/v7e-m/nofp/libc_nano.a(lib_a-lock.o)
                0x0000000020005c0c                __lock___atexit_recursive_mutex
                0x0000000020005c0d                __lock___arc4random_mutex
                0x0000000020005c0e                __lock___env_recursive_mutex
                0x0000000020005c0f                __lock___sinit_recursive_mutex
                0x0000000020005c10                __lock___malloc_recursive_mutex
                0x0000000020005c11                __lock___at_quick_exit_mutex
                0x0000000020005c12                __lock___dd_hash_mutex
                0x0000000020005c13                __lock___tz_mutex
                0x0000000020005c14                __lock___sfp_recursive_mutex
                0x0000000020005c18                . = ALIGN (0x4)
 *fill*         0x0000000020005c15        0x3 
                0x0000000020005c18                _ebss = .
                0x0000000020005c18                __bss_end__ = _ebss

._user_heap_stack
                0x0000000020005c18      0x600 load address 0x0000000008011d78
                0x0000000020005c18                . = ALIGN (0x8)
                [!provide]                        PROVIDE (end = .)
                0x0000000020005c18                PROVIDE (_end = .)
                0x0000000020005e18                . = (. + _Min_Heap_Size)
 *fill*         0x0000000020005c18      0x200 
                0x0000000020006218                . = (. + _Min_Stack_Size)
 *fill*         0x0000000020005e18      0x400 
                0x0000000020006218                . = ALIGN (0x8)

/DISCARD/
 libc.a(*)
 libm.a(*)
 libgcc.a(*)

.ARM.attributes
                0x0000000000000000       0x30
 *(.ARM.attributes)
 .ARM.attributes
                0x0000000000000000       0x1e /home/agur/st/stm32cubeide_1.6.1_2/plugins/com.st.stm32cube.ide.mcu.externaltools.gnu-tools-for-stm32.9-2020-q2-update.linux64_1.5.0.202011040924/tools/bin/../lib/gcc/arm-none-eabi/9.3.1/thumb/v7e-m/nofp/crti.o
 .ARM.attributes
                0x000000000000001e       0x2e /home/agur/st/stm32cubeide_1.6.1_2/plugins/com.st.stm32cube.ide.mcu.externaltools.gnu-tools-for-stm32.9-2020-q2-update.linux64_1.5.0.202011040924/tools/bin/../lib/gcc/arm-none-eabi/9.3.1/thumb/v7e-m/nofp/crtbegin.o
 .ARM.attributes
                0x000000000000004c       0x2e Core/Src/audio.o
 .ARM.attributes
                0x000000000000007a       0x2e Core/Src/main.o
 .ARM.attributes
                0x00000000000000a8       0x2e Core/Src/stm32f4xx_hal_msp.o
 .ARM.attributes
                0x00000000000000d6       0x2e Core/Src/stm32f4xx_it.o
 .ARM.attributes
                0x0000000000000104       0x2e Core/Src/sysmem.o
 .ARM.attributes
                0x0000000000000132       0x2e Core/Src/system_stm32f4xx.o
 .ARM.attributes
                0x0000000000000160       0x21 Core/Startup/startup_stm32f407vgtx.o
 .ARM.attributes
                0x0000000000000181       0x2e Drivers/STM32F4xx_HAL_Driver/Src/stm32f4xx_hal.o
 .ARM.attributes
                0x00000000000001af       0x2e Drivers/STM32F4xx_HAL_Driver/Src/stm32f4xx_hal_cortex.o
 .ARM.attributes
                0x00000000000001dd       0x2e Drivers/STM32F4xx_HAL_Driver/Src/stm32f4xx_hal_crc.o
 .ARM.attributes
                0x000000000000020b       0x2e Drivers/STM32F4xx_HAL_Driver/Src/stm32f4xx_hal_dma.o
 .ARM.attributes
                0x0000000000000239       0x2e Drivers/STM32F4xx_HAL_Driver/Src/stm32f4xx_hal_gpio.o
 .ARM.attributes
                0x0000000000000267       0x2e Drivers/STM32F4xx_HAL_Driver/Src/stm32f4xx_hal_hcd.o
 .ARM.attributes
                0x0000000000000295       0x2e Drivers/STM32F4xx_HAL_Driver/Src/stm32f4xx_hal_i2c.o
 .ARM.attributes
                0x00000000000002c3       0x2e Drivers/STM32F4xx_HAL_Driver/Src/stm32f4xx_hal_i2s.o
 .ARM.attributes
                0x00000000000002f1       0x2e Drivers/STM32F4xx_HAL_Driver/Src/stm32f4xx_hal_i2s_ex.o
 .ARM.attributes
                0x000000000000031f       0x2e Drivers/STM32F4xx_HAL_Driver/Src/stm32f4xx_hal_rcc.o
 .ARM.attributes
                0x000000000000034d       0x2e Drivers/STM32F4xx_HAL_Driver/Src/stm32f4xx_hal_rcc_ex.o
 .ARM.attributes
                0x000000000000037b       0x2e Drivers/STM32F4xx_HAL_Driver/Src/stm32f4xx_ll_usb.o
 .ARM.attributes
                0x00000000000003a9       0x2e FATFS/App/fatfs.o
 .ARM.attributes
                0x00000000000003d7       0x2e FATFS/Target/usbh_diskio.o
 .ARM.attributes
                0x0000000000000405       0x2e Middlewares/ST/STM32_USB_Host_Library/Class/MSC/Src/usbh_msc.o
 .ARM.attributes
                0x0000000000000433       0x2e Middlewares/ST/STM32_USB_Host_Library/Class/MSC/Src/usbh_msc_bot.o
 .ARM.attributes
                0x0000000000000461       0x2e Middlewares/ST/STM32_USB_Host_Library/Class/MSC/Src/usbh_msc_scsi.o
 .ARM.attributes
                0x000000000000048f       0x2e Middlewares/ST/STM32_USB_Host_Library/Core/Src/usbh_core.o
 .ARM.attributes
                0x00000000000004bd       0x2e Middlewares/ST/STM32_USB_Host_Library/Core/Src/usbh_ctlreq.o
 .ARM.attributes
                0x00000000000004eb       0x2e Middlewares/ST/STM32_USB_Host_Library/Core/Src/usbh_ioreq.o
 .ARM.attributes
                0x0000000000000519       0x2e Middlewares/ST/STM32_USB_Host_Library/Core/Src/usbh_pipes.o
 .ARM.attributes
                0x0000000000000547       0x2e Middlewares/Third_Party/FatFs/src/diskio.o
 .ARM.attributes
                0x0000000000000575       0x2e Middlewares/Third_Party/FatFs/src/ff.o
 .ARM.attributes
                0x00000000000005a3       0x2e Middlewares/Third_Party/FatFs/src/ff_gen_drv.o
 .ARM.attributes
                0x00000000000005d1       0x2e USB_HOST/App/usb_host.o
 .ARM.attributes
                0x00000000000005ff       0x2e USB_HOST/Target/usbh_conf.o
 .ARM.attributes
                0x000000000000062d       0x2e USB_HOST/Target/usbh_platform.o
 .ARM.attributes
                0x000000000000065b       0x43 /home/agur/project/audio7/audio7/Core/lib/lib_mp3decoder_cortex_m4_v2.2.0.a(mp3d_htab_armv4.o)
 .ARM.attributes
                0x000000000000069e       0x39 /home/agur/project/audio7/audio7/Core/lib/lib_mp3decoder_cortex_m4_v2.2.0.a(mp3d_bitio_armv4.o)
 .ARM.attributes
                0x00000000000006d7       0x39 /home/agur/project/audio7/audio7/Core/lib/lib_mp3decoder_cortex_m4_v2.2.0.a(mp3d_copypcmsamples_armv4.o)
 .ARM.attributes
                0x0000000000000710       0x39 /home/agur/project/audio7/audio7/Core/lib/lib_mp3decoder_cortex_m4_v2.2.0.a(mp3d_dealias_armv5e.o)
 .ARM.attributes
                0x0000000000000749       0x39 /home/agur/project/audio7/audio7/Core/lib/lib_mp3decoder_cortex_m4_v2.2.0.a(mp3d_huffdec_armv7e-m.o)
 .ARM.attributes
                0x0000000000000782       0x39 /home/agur/project/audio7/audio7/Core/lib/lib_mp3decoder_cortex_m4_v2.2.0.a(mp3d_imdct3612_armv5e.o)
 .ARM.attributes
                0x00000000000007bb       0x39 /home/agur/project/audio7/audio7/Core/lib/lib_mp3decoder_cortex_m4_v2.2.0.a(mp3d_reorder_armv4.o)
 .ARM.attributes
                0x00000000000007f4       0x39 /home/agur/project/audio7/audio7/Core/lib/lib_mp3decoder_cortex_m4_v2.2.0.a(mp3d_stereo_armv4.o)
 .ARM.attributes
                0x000000000000082d       0x39 /home/agur/project/audio7/audio7/Core/lib/lib_mp3decoder_cortex_m4_v2.2.0.a(mp3d_synfilt_armv7e-m.o)
 .ARM.attributes
                0x0000000000000866       0x2e /home/agur/st/stm32cubeide_1.6.1_2/plugins/com.st.stm32cube.ide.mcu.externaltools.gnu-tools-for-stm32.9-2020-q2-update.linux64_1.5.0.202011040924/tools/bin/../lib/gcc/arm-none-eabi/9.3.1/../../../../arm-none-eabi/lib/thumb/v7e-m/nofp/libc_nano.a(lib_a-errno.o)
 .ARM.attributes
                0x0000000000000894       0x2e /home/agur/st/stm32cubeide_1.6.1_2/plugins/com.st.stm32cube.ide.mcu.externaltools.gnu-tools-for-stm32.9-2020-q2-update.linux64_1.5.0.202011040924/tools/bin/../lib/gcc/arm-none-eabi/9.3.1/../../../../arm-none-eabi/lib/thumb/v7e-m/nofp/libc_nano.a(lib_a-impure.o)
 .ARM.attributes
                0x00000000000008c2       0x2e /home/agur/st/stm32cubeide_1.6.1_2/plugins/com.st.stm32cube.ide.mcu.externaltools.gnu-tools-for-stm32.9-2020-q2-update.linux64_1.5.0.202011040924/tools/bin/../lib/gcc/arm-none-eabi/9.3.1/../../../../arm-none-eabi/lib/thumb/v7e-m/nofp/libc_nano.a(lib_a-init.o)
 .ARM.attributes
                0x00000000000008f0       0x2e /home/agur/st/stm32cubeide_1.6.1_2/plugins/com.st.stm32cube.ide.mcu.externaltools.gnu-tools-for-stm32.9-2020-q2-update.linux64_1.5.0.202011040924/tools/bin/../lib/gcc/arm-none-eabi/9.3.1/../../../../arm-none-eabi/lib/thumb/v7e-m/nofp/libc_nano.a(lib_a-malloc.o)
 .ARM.attributes
                0x000000000000091e       0x2e /home/agur/st/stm32cubeide_1.6.1_2/plugins/com.st.stm32cube.ide.mcu.externaltools.gnu-tools-for-stm32.9-2020-q2-update.linux64_1.5.0.202011040924/tools/bin/../lib/gcc/arm-none-eabi/9.3.1/../../../../arm-none-eabi/lib/thumb/v7e-m/nofp/libc_nano.a(lib_a-memcpy-stub.o)
 .ARM.attributes
                0x000000000000094c       0x2e /home/agur/st/stm32cubeide_1.6.1_2/plugins/com.st.stm32cube.ide.mcu.externaltools.gnu-tools-for-stm32.9-2020-q2-update.linux64_1.5.0.202011040924/tools/bin/../lib/gcc/arm-none-eabi/9.3.1/../../../../arm-none-eabi/lib/thumb/v7e-m/nofp/libc_nano.a(lib_a-memset.o)
 .ARM.attributes
                0x000000000000097a       0x2e /home/agur/st/stm32cubeide_1.6.1_2/plugins/com.st.stm32cube.ide.mcu.externaltools.gnu-tools-for-stm32.9-2020-q2-update.linux64_1.5.0.202011040924/tools/bin/../lib/gcc/arm-none-eabi/9.3.1/../../../../arm-none-eabi/lib/thumb/v7e-m/nofp/libc_nano.a(lib_a-nano-freer.o)
 .ARM.attributes
                0x00000000000009a8       0x2e /home/agur/st/stm32cubeide_1.6.1_2/plugins/com.st.stm32cube.ide.mcu.externaltools.gnu-tools-for-stm32.9-2020-q2-update.linux64_1.5.0.202011040924/tools/bin/../lib/gcc/arm-none-eabi/9.3.1/../../../../arm-none-eabi/lib/thumb/v7e-m/nofp/libc_nano.a(lib_a-nano-mallocr.o)
 .ARM.attributes
                0x00000000000009d6       0x2e /home/agur/st/stm32cubeide_1.6.1_2/plugins/com.st.stm32cube.ide.mcu.externaltools.gnu-tools-for-stm32.9-2020-q2-update.linux64_1.5.0.202011040924/tools/bin/../lib/gcc/arm-none-eabi/9.3.1/../../../../arm-none-eabi/lib/thumb/v7e-m/nofp/libc_nano.a(lib_a-sbrkr.o)
 .ARM.attributes
                0x0000000000000a04       0x2e /home/agur/st/stm32cubeide_1.6.1_2/plugins/com.st.stm32cube.ide.mcu.externaltools.gnu-tools-for-stm32.9-2020-q2-update.linux64_1.5.0.202011040924/tools/bin/../lib/gcc/arm-none-eabi/9.3.1/../../../../arm-none-eabi/lib/thumb/v7e-m/nofp/libc_nano.a(lib_a-mlock.o)
 .ARM.attributes
                0x0000000000000a32       0x2e /home/agur/st/stm32cubeide_1.6.1_2/plugins/com.st.stm32cube.ide.mcu.externaltools.gnu-tools-for-stm32.9-2020-q2-update.linux64_1.5.0.202011040924/tools/bin/../lib/gcc/arm-none-eabi/9.3.1/../../../../arm-none-eabi/lib/thumb/v7e-m/nofp/libc_nano.a(lib_a-reent.o)
 .ARM.attributes
                0x0000000000000a60       0x2e /home/agur/st/stm32cubeide_1.6.1_2/plugins/com.st.stm32cube.ide.mcu.externaltools.gnu-tools-for-stm32.9-2020-q2-update.linux64_1.5.0.202011040924/tools/bin/../lib/gcc/arm-none-eabi/9.3.1/../../../../arm-none-eabi/lib/thumb/v7e-m/nofp/libc_nano.a(lib_a-lock.o)
 .ARM.attributes
                0x0000000000000a8e       0x1e /home/agur/st/stm32cubeide_1.6.1_2/plugins/com.st.stm32cube.ide.mcu.externaltools.gnu-tools-for-stm32.9-2020-q2-update.linux64_1.5.0.202011040924/tools/bin/../lib/gcc/arm-none-eabi/9.3.1/thumb/v7e-m/nofp/libgcc.a(_aeabi_uldivmod.o)
 .ARM.attributes
                0x0000000000000aac       0x2e /home/agur/st/stm32cubeide_1.6.1_2/plugins/com.st.stm32cube.ide.mcu.externaltools.gnu-tools-for-stm32.9-2020-q2-update.linux64_1.5.0.202011040924/tools/bin/../lib/gcc/arm-none-eabi/9.3.1/thumb/v7e-m/nofp/libgcc.a(_udivmoddi4.o)
 .ARM.attributes
                0x0000000000000ada       0x1e /home/agur/st/stm32cubeide_1.6.1_2/plugins/com.st.stm32cube.ide.mcu.externaltools.gnu-tools-for-stm32.9-2020-q2-update.linux64_1.5.0.202011040924/tools/bin/../lib/gcc/arm-none-eabi/9.3.1/thumb/v7e-m/nofp/libgcc.a(_dvmd_tls.o)
 .ARM.attributes
                0x0000000000000af8       0x1e /home/agur/st/stm32cubeide_1.6.1_2/plugins/com.st.stm32cube.ide.mcu.externaltools.gnu-tools-for-stm32.9-2020-q2-update.linux64_1.5.0.202011040924/tools/bin/../lib/gcc/arm-none-eabi/9.3.1/thumb/v7e-m/nofp/crtn.o
OUTPUT(audio7.elf elf32-littlearm)
LOAD linker stubs